BL51 BANKED LINKER/LOCATER V6.22.2.0                                                    08/24/2022  00:26:28  PAGE 1


BL51 BANKED LINKER/LOCATER V6.22.2.0, INVOKED BY:
C:\KEIL_V5\C51\BIN\BL51.EXE .\Objects\airlabbrm-willem.obj, .\Objects\Delay.obj, .\Objects\I2C.obj, .\Objects\LCD.obj, .
>> \Objects\ReadModules.obj, .\Objects\RS232.obj, .\Objects\ConsoleTimer.obj, .\Objects\Events.obj TO .\Objects\Airlab-8
>> 0c552 PRINT (.\Listings\Airlab-80c552.m51) RAMSIZE (256)


MEMORY MODEL: LARGE


INPUT MODULES INCLUDED:
  .\Objects\airlabbrm-willem.obj (AIRLABBRM_WILLEM)
  .\Objects\Delay.obj (DELAY)
  .\Objects\I2C.obj (I2C)
  .\Objects\LCD.obj (LCD)
  .\Objects\ReadModules.obj (READMODULES)
  .\Objects\RS232.obj (RS232)
  .\Objects\ConsoleTimer.obj (CONSOLETIMER)
  .\Objects\Events.obj (EVENTS)
  C:\KEIL_V5\C51\LIB\C51L.LIB (?C_STARTUP)
  C:\KEIL_V5\C51\LIB\C51L.LIB (?C?COPY)
  C:\KEIL_V5\C51\LIB\C51L.LIB (?C?CLDOPTR)
  C:\KEIL_V5\C51\LIB\C51L.LIB (?C?CSTOPTR)
  C:\KEIL_V5\C51\LIB\C51L.LIB (?C?UIDIV)
  C:\KEIL_V5\C51\LIB\C51L.LIB (?C?CCASE)
  C:\KEIL_V5\C51\LIB\C51L.LIB (?C_INIT)


LINK MAP OF MODULE:  .\Objects\Airlab-80c552 (AIRLABBRM_WILLEM)


            TYPE    BASE      LENGTH    RELOCATION   SEGMENT NAME
            -----------------------------------------------------

            * * * * * * *   D A T A   M E M O R Y   * * * * * * *
            REG     0000H     0008H     ABSOLUTE     "REG BANK 0"
                    0008H     0008H                  *** GAP ***
            REG     0010H     0008H     ABSOLUTE     "REG BANK 2"
            REG     0018H     0008H     ABSOLUTE     "REG BANK 3"
            IDATA   0020H     0001H     UNIT         ?STACK

            * * * * * * *  X D A T A   M E M O R Y  * * * * * * *
            XDATA   0000H     0CF1H     UNIT         ?XD?AIRLABBRM_WILLEM
            XDATA   0CF1H     0411H     UNIT         ?XD?I2C
            XDATA   1102H     006BH     UNIT         _XDATA_GROUP_
            XDATA   116DH     000AH     UNIT         ?XD?CONSOLETIMER
            XDATA   1177H     0001H     UNIT         ?XD?READMODULES

            * * * * * * *   C O D E   M E M O R Y   * * * * * * *
            CODE    0000H     0003H     ABSOLUTE     
            CODE    0003H     0002H     UNIT         ?CO?READMODULES
                    0005H     0006H                  *** GAP ***
            CODE    000BH     0003H     ABSOLUTE     
            CODE    000EH     0015H     UNIT         ?PR?SETUPTIMER0?CONSOLETIMER
            CODE    0023H     0003H     ABSOLUTE     
                    0026H     0005H                  *** GAP ***
            CODE    002BH     0003H     ABSOLUTE     
            CODE    002EH     2B7CH     UNIT         ?PR?_DOEVENT?EVENTS
            CODE    2BAAH     084BH     UNIT         ?PR?MAIN?AIRLABBRM_WILLEM
BL51 BANKED LINKER/LOCATER V6.22.2.0                                                  08/24/2022  00:26:28  PAGE 2


            CODE    33F5H     0582H     UNIT         ?PR?INIT?AIRLABBRM_WILLEM
            CODE    3977H     050CH     UNIT         ?PR?INT_I2C?I2C
            CODE    3E83H     04EFH     UNIT         ?PR?DOSERIAL?RS232
            CODE    4372H     0338H     UNIT         ?PR?SETUPLCD?LCD
            CODE    46AAH     0321H     UNIT         ?C_INITSEG
            CODE    49CBH     02B8H     UNIT         ?PR?ONAIRCONTROL?AIRLABBRM_WILLEM
            CODE    4C83H     01C4H     UNIT         ?PR?_CHECKSTARTCONDITION?AIRLABBRM_WILLEM
            CODE    4E47H     01C4H     UNIT         ?PR?_READMODULESWITCHES?READMODULES
            CODE    500BH     01C0H     UNIT         ?C?LIB_CODE
            CODE    51CBH     01B1H     UNIT         ?PR?SETCONSOLEDATA?AIRLABBRM_WILLEM
            CODE    537CH     0174H     UNIT         ?PR?_SETLCD?LCD
            CODE    54F0H     0169H     UNIT         ?CO?AIRLABBRM_WILLEM
            CODE    5659H     0169H     UNIT         ?PR?_WRITEDATA?I2C
            CODE    57C2H     015AH     UNIT         ?PR?SHOWCONFIG?READMODULES
            CODE    591CH     0155H     UNIT         ?PR?STUDIOMICCONTROL?AIRLABBRM_WILLEM
            CODE    5A71H     0152H     UNIT         ?PR?DJCONTROL?AIRLABBRM_WILLEM
            CODE    5BC3H     0128H     UNIT         ?PR?_STARTCONTROL?AIRLABBRM_WILLEM
            CODE    5CEBH     00E5H     UNIT         ?PR?READMASTERSWITCHES?READMODULES
            CODE    5DD0H     00E5H     UNIT         ?PR?SIO0?RS232
            CODE    5EB5H     00E0H     UNIT         ?PR?_TIMERCONTROL?AIRLABBRM_WILLEM
            CODE    5F95H     00D1H     UNIT         ?PR?_READDATA?I2C
            CODE    6066H     00B9H     UNIT         ?PR?CUECONTROL?AIRLABBRM_WILLEM
            CODE    611FH     00A4H     UNIT         ?PR?_SETADDRESS?I2C
            CODE    61C3H     008CH     UNIT         ?C_C51STARTUP
            CODE    624FH     0087H     UNIT         ?CO?EVENTS
            CODE    62D6H     0082H     UNIT         ?PR?CHECKCUEBYREMOTEMIC?AIRLABBRM_WILLEM
            CODE    6358H     0078H     UNIT         ?PR?TIMER0?CONSOLETIMER
            CODE    63D0H     004EH     UNIT         ?PR?_SHOWFUNCTION?AIRLABBRM_WILLEM
            CODE    641EH     004DH     UNIT         ?PR?CHECKTBMIC?AIRLABBRM_WILLEM
            CODE    646BH     0047H     UNIT         ?PR?_GETTELCONRFROMMODULENR?AIRLABBRM_WILLEM
            CODE    64B2H     0047H     UNIT         ?PR?_GETMODULENRFROMTELCONR?AIRLABBRM_WILLEM
            CODE    64F9H     003FH     UNIT         ?PR?SETUPSIO1?I2C
            CODE    6538H     002DH     UNIT         ?PR?_DELAY?DELAY
            CODE    6565H     001CH     UNIT         ?PR?SETUPSIO0?RS232
            CODE    6581H     0013H     UNIT         ?CO?I2C
            CODE    6594H     000DH     UNIT         ?PR?READCONSOLE?READMODULES



OVERLAY MAP OF MODULE:   .\Objects\Airlab-80c552 (AIRLABBRM_WILLEM)


SEGMENT                                            XDATA_GROUP
  +--> CALLED SEGMENT                            START    LENGTH
----------------------------------------------------------------
?PR?INT_I2C?I2C                                  1102H    0001H

*** NEW ROOT ***************************************************

?PR?SIO0?RS232                                   1103H    0001H

*** NEW ROOT ***************************************************

?C_C51STARTUP                                    -----    -----
  +--> ?PR?MAIN?AIRLABBRM_WILLEM
  +--> ?C_INITSEG

BL51 BANKED LINKER/LOCATER V6.22.2.0                                                  08/24/2022  00:26:28  PAGE 3


?PR?MAIN?AIRLABBRM_WILLEM                        1104H    0032H
  +--> ?PR?INIT?AIRLABBRM_WILLEM
  +--> ?CO?AIRLABBRM_WILLEM
  +--> ?PR?_SETLCD?LCD
  +--> ?PR?SETCONSOLEDATA?AIRLABBRM_WILLEM
  +--> ?PR?READCONSOLE?READMODULES
  +--> ?PR?CUECONTROL?AIRLABBRM_WILLEM
  +--> ?PR?_GETTELCONRFROMMODULENR?AIRLABBRM...
  +--> ?PR?_DOEVENT?EVENTS
  +--> ?PR?DOSERIAL?RS232

?PR?INIT?AIRLABBRM_WILLEM                        1136H    0006H
  +--> ?PR?SETCONSOLEDATA?AIRLABBRM_WILLEM
  +--> ?PR?SETUPSIO1?I2C
  +--> ?PR?SETUPLCD?LCD
  +--> ?CO?AIRLABBRM_WILLEM
  +--> ?PR?_SETLCD?LCD
  +--> ?PR?_READDATA?I2C
  +--> ?PR?SETUPSIO0?RS232
  +--> ?PR?SETUPTIMER0?CONSOLETIMER
  +--> ?PR?_DELAY?DELAY
  +--> ?PR?_READMODULESWITCHES?READMODULES
  +--> ?PR?_STARTCONTROL?AIRLABBRM_WILLEM
  +--> ?PR?_TIMERCONTROL?AIRLABBRM_WILLEM
  +--> ?PR?ONAIRCONTROL?AIRLABBRM_WILLEM
  +--> ?PR?DJCONTROL?AIRLABBRM_WILLEM
  +--> ?PR?STUDIOMICCONTROL?AIRLABBRM_WILLEM
  +--> ?PR?CUECONTROL?AIRLABBRM_WILLEM
  +--> ?PR?SHOWCONFIG?READMODULES
  +--> ?PR?_SETADDRESS?I2C

?PR?SETUPLCD?LCD                                 1157H    0001H
  +--> ?PR?_DELAY?DELAY

?PR?_SETLCD?LCD                                  1168H    0005H

?PR?_READDATA?I2C                                1157H    0009H
  +--> ?PR?_SETADDRESS?I2C

?PR?_SETADDRESS?I2C                              1160H    0001H
  +--> ?PR?_DELAY?DELAY
  +--> ?CO?I2C
  +--> ?PR?_SETLCD?LCD

?PR?_READMODULESWITCHES?READMODULES              113CH    0004H

?PR?_STARTCONTROL?AIRLABBRM_WILLEM               1159H    0001H

?PR?CUECONTROL?AIRLABBRM_WILLEM                  -----    -----
  +--> ?PR?CHECKTBMIC?AIRLABBRM_WILLEM

?PR?SHOWCONFIG?READMODULES                       1157H    0011H
  +--> ?CO?READMODULES
  +--> ?PR?_SETLCD?LCD

?PR?READCONSOLE?READMODULES                      -----    -----
  +--> ?PR?READMASTERSWITCHES?READMODULES
BL51 BANKED LINKER/LOCATER V6.22.2.0                                                  08/24/2022  00:26:28  PAGE 4


  +--> ?PR?_READMODULESWITCHES?READMODULES

?PR?READMASTERSWITCHES?READMODULES               1136H    0001H

?PR?_DOEVENT?EVENTS                              1136H    0021H
  +--> ?PR?DJCONTROL?AIRLABBRM_WILLEM
  +--> ?PR?CHECKCUEBYREMOTEMIC?AIRLABBRM_WILLEM
  +--> ?PR?CHECKTBMIC?AIRLABBRM_WILLEM
  +--> ?PR?ONAIRCONTROL?AIRLABBRM_WILLEM
  +--> ?PR?_TIMERCONTROL?AIRLABBRM_WILLEM
  +--> ?PR?CUECONTROL?AIRLABBRM_WILLEM
  +--> ?PR?STUDIOMICCONTROL?AIRLABBRM_WILLEM
  +--> ?PR?_CHECKSTARTCONDITION?AIRLABBRM_WI...
  +--> ?PR?_GETTELCONRFROMMODULENR?AIRLABBRM...
  +--> ?CO?EVENTS
  +--> ?PR?_STARTCONTROL?AIRLABBRM_WILLEM
  +--> ?PR?_SETLCD?LCD
  +--> ?PR?_SHOWFUNCTION?AIRLABBRM_WILLEM
  +--> ?PR?SETUPLCD?LCD
  +--> ?PR?_READDATA?I2C
  +--> ?PR?_WRITEDATA?I2C
  +--> ?PR?_DELAY?DELAY
  +--> ?PR?SETCONSOLEDATA?AIRLABBRM_WILLEM
  +--> ?PR?SHOWCONFIG?READMODULES
  +--> ?PR?_SETADDRESS?I2C

?PR?_CHECKSTARTCONDITION?AIRLABBRM_WI...         1157H    0002H
  +--> ?PR?_STARTCONTROL?AIRLABBRM_WILLEM

?PR?_WRITEDATA?I2C                               1157H    0009H
  +--> ?PR?_DELAY?DELAY

?PR?DOSERIAL?RS232                               1136H    0005H
  +--> ?PR?_WRITEDATA?I2C
  +--> ?PR?_GETMODULENRFROMTELCONR?AIRLABBRM...



SYMBOL TABLE OF MODULE:  .\Objects\Airlab-80c552 (AIRLABBRM_WILLEM)

  VALUE           TYPE          NAME
  ----------------------------------

  -------         MODULE        AIRLABBRM_WILLEM
  C:0000H         SYMBOL        _ICE_DUMMY_
  X:0000H         PUBLIC        cntStartPuls
  B:00D8H.2       PUBLIC        AA
  C:51CBH         PUBLIC        SetConsoleData
  C:6066H         PUBLIC        CueControl
  D:00C4H         PUBLIC        P5
  B:00A8H.7       PUBLIC        EA
  D:00FFH         PUBLIC        T3
  X:0010H         PUBLIC        IDString
  X:002EH         PUBLIC        SerialCnt
  B:00B0H.4       PUBLIC        CLK1
  B:00B0H.5       PUBLIC        CLK2
  X:002FH         PUBLIC        ModuleTextString
BL51 BANKED LINKER/LOCATER V6.22.2.0                                                  08/24/2022  00:26:28  PAGE 5


  X:021CH         PUBLIC        ModuleType
  C:641EH         PUBLIC        CheckTBMic
  X:022CH         PUBLIC        MasterTextString
  X:0270H         PUBLIC        EventBufferPtrBottom
  C:33F5H         PUBLIC        Init
  X:0271H         PUBLIC        Wait
  X:0272H         PUBLIC        ConsoleModuleSettings
  X:0442H         PUBLIC        ConsoleMasterSettings
  C:64B2H         PUBLIC        _GetModuleNrFromTelcoNr
  X:0447H         PUBLIC        ConsoleFunctionData
  C:646BH         PUBLIC        _GetTelcoNrFromModuleNr
  C:4C83H         PUBLIC        _CheckStartCondition
  X:0458H         PUBLIC        TextString
  X:049CH         PUBLIC        cntStartFunction
  D:00FCH         PUBLIC        PWM0
  D:00FDH         PUBLIC        PWM1
  C:2BAAH         PUBLIC        main
  X:04ACH         PUBLIC        SystemTextString
  X:0512H         PUBLIC        SerialBufferInPtrBottom
  X:0513H         PUBLIC        SerialBufferOutPtrBottom
  X:0514H         PUBLIC        cntMuteFunction
  B:0090H.0       PUBLIC        P10
  D:0087H         PUBLIC        PCON
  X:0524H         PUBLIC        cntCueFunction
  B:0090H.1       PUBLIC        P11
  X:0534H         PUBLIC        UndoConsoleModuleSettings
  B:0090H.2       PUBLIC        P12
  B:0090H.3       PUBLIC        P13
  B:0090H.4       PUBLIC        P14
  X:0704H         PUBLIC        OperatingMode
  X:0705H         PUBLIC        DirectorTBCUEBussActive
  X:0706H         PUBLIC        UndoConsoleMasterSettings
  X:070BH         PUBLIC        CardInserted
  C:49CBH         PUBLIC        OnAirControl
  C:555AH         SYMBOL        _?ix1000
  C:5604H         SYMBOL        _?ix1010
  C:556BH         SYMBOL        _?ix1001
  X:070CH         PUBLIC        Hex2ASCII
  C:5615H         SYMBOL        _?ix1011
  C:557CH         SYMBOL        _?ix1002
  C:5626H         SYMBOL        _?ix1012
  C:558DH         SYMBOL        _?ix1003
  C:5637H         SYMBOL        _?ix1013
  C:559EH         SYMBOL        _?ix1004
  C:62D6H         PUBLIC        CheckCUEByRemoteMIC
  C:5648H         SYMBOL        _?ix1014
  C:55AFH         SYMBOL        _?ix1005
  C:55C0H         SYMBOL        _?ix1006
  C:55D1H         SYMBOL        _?ix1007
  X:071DH         PUBLIC        SerialLength
  C:55E2H         SYMBOL        _?ix1008
  C:55F3H         SYMBOL        _?ix1009
  B:00B0H.2       PUBLIC        DATA1
  B:00B0H.3       PUBLIC        DATA2
  X:071EH         PUBLIC        EventBufferPtrTop
  X:071FH         PUBLIC        DummySerialBuffer
  X:081FH         PUBLIC        TextStringPtr
BL51 BANKED LINKER/LOCATER V6.22.2.0                                                  08/24/2022  00:26:28  PAGE 6


  X:0820H         PUBLIC        NrOfTriples
  D:0099H         PUBLIC        S0BUF
  X:0821H         PUBLIC        EventBuffer
  X:0A21H         PUBLIC        TimerActive
  X:0A31H         PUBLIC        NrOfTelcos
  X:0A32H         PUBLIC        CUEByRemoteMIC
  X:0A42H         PUBLIC        ModuleData
  X:0AC2H         PUBLIC        SerialBufferInPtrTop
  X:0AC3H         PUBLIC        SendSerialReady
  X:0AC4H         PUBLIC        SerialBufferOutPtrTop
  C:5EB5H         PUBLIC        _TimerControl
  X:0AC5H         PUBLIC        ShowFunctionData
  X:0AD6H         PUBLIC        MasterData
  X:0ADEH         PUBLIC        SendSerialData
  B:00C0H.7       PUBLIC        STRB1
  B:0090H.5       PUBLIC        STRB2
  C:63D0H         PUBLIC        _ShowFunction
  X:0ADFH         PUBLIC        StartActive
  C:5A71H         PUBLIC        DJControl
  C:5BC9H         PUBLIC        _StartControl
  X:0AEFH         PUBLIC        TempEnableSetup
  X:0AF0H         PUBLIC        SerialByte
  X:0AF1H         PUBLIC        SerialBufferIn
  X:0BF1H         PUBLIC        SerialBufferOut
  C:591CH         PUBLIC        StudioMicControl
  -------         PROC          _CHECKSTARTCONDITION
  X:1157H         SYMBOL        Module
  -------         DO            
  X:1158H         SYMBOL        StartOn
  -------         ENDDO         
  C:4C83H         LINE#         293
  C:4C88H         LINE#         294
  C:4C88H         LINE#         295
  C:4C8BH         LINE#         297
  C:4CA4H         LINE#         298
  C:4CA4H         LINE#         299
  C:4CCBH         LINE#         300
  C:4CCBH         LINE#         301
  C:4CEEH         LINE#         302
  C:4CEEH         LINE#         303
  C:4CFBH         LINE#         304
  C:4CFBH         LINE#         305
  C:4CFEH         LINE#         306
  C:4D0EH         LINE#         307
  C:4D0EH         LINE#         308
  C:4D0EH         LINE#         309
  C:4D11H         LINE#         311
  C:4D11H         LINE#         312
  C:4D11H         LINE#         313
  C:4D11H         LINE#         314
  C:4D11H         LINE#         315
  C:4D14H         LINE#         316
  C:4D3CH         LINE#         317
  C:4D3CH         LINE#         318
  C:4D4DH         LINE#         319
  C:4D4DH         LINE#         320
  C:4D5AH         LINE#         321
BL51 BANKED LINKER/LOCATER V6.22.2.0                                                  08/24/2022  00:26:28  PAGE 7


  C:4D5AH         LINE#         322
  C:4D5DH         LINE#         323
  C:4D6DH         LINE#         324
  C:4D6DH         LINE#         325
  C:4D6DH         LINE#         326
  C:4D6FH         LINE#         328
  C:4D6FH         LINE#         329
  C:4D6FH         LINE#         330
  C:4D6FH         LINE#         331
  C:4D6FH         LINE#         332
  C:4D71H         LINE#         333
  C:4D99H         LINE#         334
  C:4D99H         LINE#         335
  C:4DAEH         LINE#         336
  C:4DAEH         LINE#         337
  C:4DBBH         LINE#         338
  C:4DBBH         LINE#         339
  C:4DBEH         LINE#         340
  C:4DCEH         LINE#         341
  C:4DCEH         LINE#         342
  C:4DD4H         LINE#         343
  C:4DD6H         LINE#         345
  C:4DD6H         LINE#         346
  C:4DE0H         LINE#         347
  C:4DEFH         LINE#         348
  C:4DEFH         LINE#         349
  C:4DEFH         LINE#         350
  C:4DEFH         LINE#         351
  C:4E05H         LINE#         352
  C:4E05H         LINE#         353
  C:4E13H         LINE#         354
  C:4E13H         LINE#         355
  C:4E16H         LINE#         356
  C:4E26H         LINE#         357
  C:4E27H         LINE#         358
  C:4E2DH         LINE#         359
  C:4E2DH         LINE#         360
  C:4E37H         LINE#         361
  C:4E46H         LINE#         362
  C:4E46H         LINE#         363
  C:4E46H         LINE#         364
  -------         ENDPROC       _CHECKSTARTCONDITION
  -------         PROC          CHECKCUEBYREMOTEMIC
  -------         DO            
  D:0005H         SYMBOL        Status
  D:0002H         SYMBOL        cntModule
  -------         ENDDO         
  C:62D6H         LINE#         371
  C:62D6H         LINE#         372
  C:62D6H         LINE#         373
  C:62D8H         LINE#         376
  C:62DAH         LINE#         377
  C:62DAH         LINE#         378
  C:62E9H         LINE#         379
  C:62E9H         LINE#         380
  C:6302H         LINE#         381
  C:6302H         LINE#         382
BL51 BANKED LINKER/LOCATER V6.22.2.0                                                  08/24/2022  00:26:28  PAGE 8


  C:630FH         LINE#         383
  C:630FH         LINE#         384
  C:630FH         LINE#         385
  C:631AH         LINE#         387
  C:632EH         LINE#         388
  C:6342H         LINE#         389
  C:6357H         LINE#         390
  -------         ENDPROC       CHECKCUEBYREMOTEMIC
  -------         PROC          _GETTELCONRFROMMODULENR
  D:0007H         SYMBOL        ModuleNr
  -------         DO            
  D:0006H         SYMBOL        cntTelco
  D:0005H         SYMBOL        TelcoNr
  D:0004H         SYMBOL        cntModule
  -------         ENDDO         
  C:646BH         LINE#         394
  C:646BH         LINE#         395
  C:646BH         LINE#         396
  C:646DH         LINE#         397
  C:646FH         LINE#         400
  C:6482H         LINE#         401
  C:6482H         LINE#         402
  C:6490H         LINE#         403
  C:6490H         LINE#         404
  C:64A5H         LINE#         405
  C:64A5H         LINE#         406
  C:64A6H         LINE#         408
  C:64AAH         LINE#         409
  C:64AAH         LINE#         410
  C:64ACH         LINE#         411
  C:64ACH         LINE#         412
  C:64ACH         LINE#         413
  C:64ACH         LINE#         414
  C:64AFH         LINE#         416
  C:64B1H         LINE#         417
  -------         ENDPROC       _GETTELCONRFROMMODULENR
  -------         PROC          _SHOWFUNCTION
  D:0007H         SYMBOL        Function
  -------         DO            
  D:0006H         SYMBOL        cnt
  -------         ENDDO         
  C:63D0H         LINE#         421
  C:63D0H         LINE#         422
  C:63D0H         LINE#         424
  C:63DCH         LINE#         425
  C:63DCH         LINE#         426
  C:63EAH         LINE#         427
  C:6406H         LINE#         428
  C:6406H         LINE#         429
  C:6414H         LINE#         430
  C:6414H         LINE#         431
  C:6417H         LINE#         432
  C:641DH         LINE#         433
  -------         ENDPROC       _SHOWFUNCTION
  -------         PROC          INIT
  -------         DO            
  X:1136H         SYMBOL        Address
BL51 BANKED LINKER/LOCATER V6.22.2.0                                                  08/24/2022  00:26:28  PAGE 9


  X:1138H         SYMBOL        cntModule
  X:1139H         SYMBOL        cntByte
  X:113AH         SYMBOL        ClearMem
  -------         DO            
  X:113BH         SYMBOL        Type
  -------         ENDDO         
  -------         ENDDO         
  C:33F5H         LINE#         438
  C:33F5H         LINE#         439
  C:33F5H         LINE#         443
  C:33FAH         LINE#         445
  C:33FCH         LINE#         448
  C:33FFH         LINE#         449
  C:3401H         LINE#         451
  C:3405H         LINE#         452
  C:3407H         LINE#         454
  C:3418H         LINE#         455
  C:3418H         LINE#         456
  C:3426H         LINE#         457
  C:3432H         LINE#         458
  C:343AH         LINE#         459
  C:3440H         LINE#         460
  C:3443H         LINE#         462
  C:3446H         LINE#         463
  C:3449H         LINE#         465
  C:344BH         LINE#         466
  C:344DH         LINE#         467
  C:344FH         LINE#         468
  C:3451H         LINE#         470
  C:3455H         LINE#         471
  C:3459H         LINE#         472
  C:345DH         LINE#         473
  C:3461H         LINE#         474
  C:3465H         LINE#         475
  C:3469H         LINE#         476
  C:346DH         LINE#         477
  C:3471H         LINE#         478
  C:3482H         LINE#         479
  C:3482H         LINE#         480
  C:348FH         LINE#         481
  C:349BH         LINE#         482
  C:34A7H         LINE#         483
  C:34B3H         LINE#         484
  C:34BFH         LINE#         485
  C:34CBH         LINE#         486
  C:34D7H         LINE#         487
  C:34DFH         LINE#         488
  C:34E4H         LINE#         489
  C:34E8H         LINE#         491
  C:34ECH         LINE#         492
  C:34F0H         LINE#         493
  C:34F4H         LINE#         494
  C:34F8H         LINE#         495
  C:34FCH         LINE#         496
  C:3500H         LINE#         497
  C:3505H         LINE#         499
  C:350AH         LINE#         500
BL51 BANKED LINKER/LOCATER V6.22.2.0                                                  08/24/2022  00:26:28  PAGE 10


  C:350EH         LINE#         501
  C:3512H         LINE#         502
  C:3516H         LINE#         503
  C:351BH         LINE#         504
  C:3520H         LINE#         505
  C:3524H         LINE#         506
  C:3528H         LINE#         508
  C:352BH         LINE#         510
  C:352EH         LINE#         513
  C:3539H         LINE#         514
  C:3544H         LINE#         515
  C:354FH         LINE#         517
  C:3554H         LINE#         518
  C:3558H         LINE#         521
  C:355BH         LINE#         522
  C:355DH         LINE#         524
  C:355FH         LINE#         525
  C:3561H         LINE#         528
  C:3567H         LINE#         529
  C:357BH         LINE#         530
  C:3589H         LINE#         531
  C:359CH         LINE#         532
  C:359CH         LINE#         533
  C:35BEH         LINE#         534
  C:35CCH         LINE#         537
  C:35CFH         LINE#         538
  C:35D2H         LINE#         539
  C:35DAH         LINE#         540
  C:35F3H         LINE#         549
  C:35F5H         LINE#         550
  C:35F7H         LINE#         552
  C:35FAH         LINE#         553
  C:35FDH         LINE#         562
  C:360FH         LINE#         563
  C:360FH         LINE#         564
  C:3620H         LINE#         565
  C:3620H         LINE#         566
  C:363EH         LINE#         567
  C:3646H         LINE#         568
  C:364EH         LINE#         569
  C:3661H         LINE#         570
  C:3661H         LINE#         571
  C:366EH         LINE#         572
  C:3676H         LINE#         574
  C:367DH         LINE#         576
  C:368FH         LINE#         577
  C:368FH         LINE#         578
  C:3694H         LINE#         579
  C:3699H         LINE#         581
  C:369CH         LINE#         582
  C:369FH         LINE#         583
  C:36A7H         LINE#         584
  C:36ACH         LINE#         585
  C:36B0H         LINE#         588
  C:36C5H         LINE#         589
  C:36C5H         LINE#         590
  C:36CAH         LINE#         592
BL51 BANKED LINKER/LOCATER V6.22.2.0                                                  08/24/2022  00:26:28  PAGE 11


  C:36DCH         LINE#         593
  C:36E2H         LINE#         594
  C:36F7H         LINE#         595
  C:36FEH         LINE#         597
  C:3717H         LINE#         598
  C:3717H         LINE#         599
  C:3723H         LINE#         600
  C:372EH         LINE#         601
  C:3739H         LINE#         602
  C:3740H         LINE#         655
  C:3740H         LINE#         658
  C:3743H         LINE#         659
  C:3746H         LINE#         660
  C:374FH         LINE#         662
  C:3755H         LINE#         663
  C:3757H         LINE#         664
  C:3759H         LINE#         665
  C:375BH         LINE#         666
  C:375DH         LINE#         667
  C:375FH         LINE#         668
  C:3761H         LINE#         669
  C:3763H         LINE#         672
  C:3765H         LINE#         673
  C:3767H         LINE#         674
  C:3769H         LINE#         675
  C:376BH         LINE#         676
  C:376DH         LINE#         677
  C:376FH         LINE#         678
  C:3771H         LINE#         679
  C:3773H         LINE#         681
  C:3777H         LINE#         682
  C:3779H         LINE#         683
  C:377BH         LINE#         684
  C:377DH         LINE#         685
  C:377FH         LINE#         688
  C:3794H         LINE#         689
  C:3794H         LINE#         690
  C:37A1H         LINE#         691
  C:37B6H         LINE#         692
  C:37B6H         LINE#         693
  C:37C8H         LINE#         694
  C:37F0H         LINE#         695
  C:37F5H         LINE#         697
  C:380BH         LINE#         698
  C:380BH         LINE#         699
  C:3832H         LINE#         700
  C:3837H         LINE#         702
  C:3848H         LINE#         703
  C:384AH         LINE#         710
  C:384AH         LINE#         711
  C:385BH         LINE#         712
  C:385BH         LINE#         714
  C:385EH         LINE#         715
  C:3861H         LINE#         716
  C:386AH         LINE#         717
  C:3870H         LINE#         719
  C:387EH         LINE#         720
BL51 BANKED LINKER/LOCATER V6.22.2.0                                                  08/24/2022  00:26:28  PAGE 12


  C:387EH         LINE#         721
  C:3881H         LINE#         723
  C:3884H         LINE#         724
  C:3887H         LINE#         725
  C:388FH         LINE#         728
  C:3892H         LINE#         731
  C:3895H         LINE#         734
  C:3898H         LINE#         737
  C:389BH         LINE#         739
  C:389EH         LINE#         743
  C:38B1H         LINE#         744
  C:38B1H         LINE#         745
  C:38C3H         LINE#         746
  C:38C3H         LINE#         747
  C:38C3H         LINE#         748
  C:38C3H         LINE#         750
  C:38C6H         LINE#         751
  C:38C6H         LINE#         752
  C:38C8H         LINE#         753
  C:38C8H         LINE#         754
  C:38C8H         LINE#         756
  C:38CEH         LINE#         757
  C:38CEH         LINE#         758
  C:38CEH         LINE#         759
  C:38CEH         LINE#         761
  C:38D1H         LINE#         762
  C:38D4H         LINE#         763
  C:38DCH         LINE#         766
  C:38E7H         LINE#         767
  C:38F2H         LINE#         768
  C:38F5H         LINE#         770
  C:38FCH         LINE#         771
  C:38FEH         LINE#         772
  C:3900H         LINE#         773
  C:3902H         LINE#         774
  C:3904H         LINE#         775
  C:3906H         LINE#         776
  C:390CH         LINE#         777
  C:390CH         LINE#         778
  C:3911H         LINE#         779
  C:391CH         LINE#         780
  C:3927H         LINE#         781
  C:3927H         LINE#         783
  C:392EH         LINE#         784
  C:3939H         LINE#         785
  C:3944H         LINE#         786
  C:394FH         LINE#         787
  C:3966H         LINE#         790
  C:3969H         LINE#         791
  C:396CH         LINE#         793
  C:396EH         LINE#         794
  C:3970H         LINE#         796
  -------         ENDPROC       INIT
  -------         PROC          MAIN
  -------         DO            
  X:1104H         SYMBOL        TextBuffer
  -------         DO            
BL51 BANKED LINKER/LOCATER V6.22.2.0                                                  08/24/2022  00:26:28  PAGE 13


  X:110DH         SYMBOL        Stop
  X:110DH         SYMBOL        cntByte
  X:110EH         SYMBOL        cntChannel
  -------         DO            
  X:110EH         SYMBOL        cnt
  -------         DO            
  X:110FH         SYMBOL        Event
  X:1111H         SYMBOL        EventType
  X:1112H         SYMBOL        Module
  X:1113H         SYMBOL        EventOn
  X:1114H         SYMBOL        TestString2
  -------         DO            
  X:1125H         SYMBOL        TestString1
  X:1125H         SYMBOL        TestString1
  X:1125H         SYMBOL        TestString1
  X:1125H         SYMBOL        TestString1
  X:1125H         SYMBOL        TestString1
  X:1125H         SYMBOL        TestString1
  X:1125H         SYMBOL        TestString1
  X:1125H         SYMBOL        TestString1
  X:1125H         SYMBOL        TestString1
  X:1125H         SYMBOL        TestString1
  X:1125H         SYMBOL        TestString1
  X:1125H         SYMBOL        TestString1
  X:1125H         SYMBOL        TestString1
  X:1125H         SYMBOL        TestString1
  -------         ENDDO         
  -------         DO            
  X:1125H         SYMBOL        TestString1
  X:1125H         SYMBOL        TestString1
  X:1125H         SYMBOL        TestString1
  X:1125H         SYMBOL        TestString1
  X:1125H         SYMBOL        TestString1
  X:1125H         SYMBOL        TestString1
  X:1125H         SYMBOL        TestString1
  X:1125H         SYMBOL        TestString1
  X:1125H         SYMBOL        TestString1
  X:1125H         SYMBOL        TestString1
  X:1125H         SYMBOL        TestString1
  X:1125H         SYMBOL        TestString1
  X:1125H         SYMBOL        TestString1
  -------         ENDDO         
  -------         DO            
  X:1125H         SYMBOL        TestString1
  X:1125H         SYMBOL        TestString1
  X:1125H         SYMBOL        TestString1
  X:1125H         SYMBOL        TestString1
  X:1125H         SYMBOL        TestString1
  X:1125H         SYMBOL        TestString1
  X:1125H         SYMBOL        TestString1
  X:1125H         SYMBOL        TestString1
  X:1125H         SYMBOL        TestString1
  X:1125H         SYMBOL        TestString1
  X:1125H         SYMBOL        TestString1
  X:1125H         SYMBOL        TestString1
  -------         ENDDO         
  -------         DO            
BL51 BANKED LINKER/LOCATER V6.22.2.0                                                  08/24/2022  00:26:28  PAGE 14


  X:1125H         SYMBOL        TestString1
  X:1125H         SYMBOL        TestString1
  X:1125H         SYMBOL        TestString1
  X:1125H         SYMBOL        TestString1
  X:1125H         SYMBOL        TestString1
  X:1125H         SYMBOL        TestString1
  X:1125H         SYMBOL        TestString1
  X:1125H         SYMBOL        TestString1
  X:1125H         SYMBOL        TestString1
  X:1125H         SYMBOL        TestString1
  X:1125H         SYMBOL        TestString1
  -------         ENDDO         
  -------         DO            
  X:1125H         SYMBOL        TestString1
  X:1125H         SYMBOL        TestString1
  X:1125H         SYMBOL        TestString1
  X:1125H         SYMBOL        TestString1
  X:1125H         SYMBOL        TestString1
  X:1125H         SYMBOL        TestString1
  X:1125H         SYMBOL        TestString1
  X:1125H         SYMBOL        TestString1
  X:1125H         SYMBOL        TestString1
  X:1125H         SYMBOL        TestString1
  -------         ENDDO         
  -------         DO            
  X:1125H         SYMBOL        TestString1
  X:1125H         SYMBOL        TestString1
  X:1125H         SYMBOL        TestString1
  X:1125H         SYMBOL        TestString1
  X:1125H         SYMBOL        TestString1
  X:1125H         SYMBOL        TestString1
  X:1125H         SYMBOL        TestString1
  X:1125H         SYMBOL        TestString1
  X:1125H         SYMBOL        TestString1
  -------         ENDDO         
  -------         DO            
  X:1125H         SYMBOL        TestString1
  X:1125H         SYMBOL        TestString1
  X:1125H         SYMBOL        TestString1
  X:1125H         SYMBOL        TestString1
  X:1125H         SYMBOL        TestString1
  X:1125H         SYMBOL        TestString1
  X:1125H         SYMBOL        TestString1
  X:1125H         SYMBOL        TestString1
  -------         ENDDO         
  -------         DO            
  X:1125H         SYMBOL        TestString1
  X:1125H         SYMBOL        TestString1
  X:1125H         SYMBOL        TestString1
  X:1125H         SYMBOL        TestString1
  X:1125H         SYMBOL        TestString1
  X:1125H         SYMBOL        TestString1
  X:1125H         SYMBOL        TestString1
  -------         ENDDO         
  -------         DO            
  X:1125H         SYMBOL        TestString1
  X:1125H         SYMBOL        TestString1
BL51 BANKED LINKER/LOCATER V6.22.2.0                                                  08/24/2022  00:26:28  PAGE 15


  X:1125H         SYMBOL        TestString1
  X:1125H         SYMBOL        TestString1
  X:1125H         SYMBOL        TestString1
  X:1125H         SYMBOL        TestString1
  -------         ENDDO         
  -------         DO            
  X:1125H         SYMBOL        TestString1
  X:1125H         SYMBOL        TestString1
  X:1125H         SYMBOL        TestString1
  X:1125H         SYMBOL        TestString1
  X:1125H         SYMBOL        TestString1
  -------         ENDDO         
  -------         DO            
  X:1125H         SYMBOL        TestString1
  X:1125H         SYMBOL        TestString1
  X:1125H         SYMBOL        TestString1
  X:1125H         SYMBOL        TestString1
  -------         ENDDO         
  -------         DO            
  X:1125H         SYMBOL        TestString1
  X:1125H         SYMBOL        TestString1
  X:1125H         SYMBOL        TestString1
  -------         ENDDO         
  -------         DO            
  X:1125H         SYMBOL        TestString1
  X:1125H         SYMBOL        TestString1
  -------         ENDDO         
  -------         DO            
  X:1125H         SYMBOL        TestString1
  -------         ENDDO         
  -------         ENDDO         
  -------         ENDDO         
  -------         ENDDO         
  -------         DO            
  X:110DH         SYMBOL        cntByte
  X:110EH         SYMBOL        cntChannel
  -------         ENDDO         
  -------         DO            
  X:110DH         SYMBOL        cnt
  -------         DO            
  X:110EH         SYMBOL        TelcoNr
  -------         ENDDO         
  -------         ENDDO         
  -------         ENDDO         
  C:2BAAH         LINE#         832
  C:2BAAH         LINE#         833
  C:2BAAH         LINE#         836
  C:2BADH         LINE#         838
  C:2BAFH         LINE#         839
  C:2BB1H         LINE#         840
  C:2BB3H         LINE#         841
  C:2BB5H         LINE#         842
  C:2BB7H         LINE#         843
  C:2BC0H         LINE#         844
  C:2BC0H         LINE#         845
  C:2BC4H         LINE#         846
  C:2BCEH         LINE#         847
BL51 BANKED LINKER/LOCATER V6.22.2.0                                                  08/24/2022  00:26:28  PAGE 16


  C:2BD9H         LINE#         848
  C:2BE4H         LINE#         849
  C:2BEFH         LINE#         851
  C:2BF8H         LINE#         852
  C:2BF8H         LINE#         856
  C:2BFBH         LINE#         857
  C:2BFDH         LINE#         860
  C:2C0DH         LINE#         861
  C:2C0DH         LINE#         862
  C:2C1AH         LINE#         863
  C:2C1AH         LINE#         864
  C:2C2AH         LINE#         865
  C:2C37H         LINE#         866
  C:2C37H         LINE#         867
  C:2C48H         LINE#         868
  C:2C4EH         LINE#         869
  C:2C4EH         LINE#         870
  C:2C4EH         LINE#         871
  C:2C56H         LINE#         873
  C:2C5CH         LINE#         874
  C:2C5CH         LINE#         875
  C:2C5EH         LINE#         876
  C:2C61H         LINE#         877
  C:2C61H         LINE#         879
  C:2C64H         LINE#         880
  C:2C73H         LINE#         881
  C:2C73H         LINE#         882
  C:2C94H         LINE#         883
  C:2CB3H         LINE#         884
  C:2CCCH         LINE#         885
  C:2CDBH         LINE#         886
  C:2CEEH         LINE#         887
  C:2CF4H         LINE#         888
  C:2CF4H         LINE#         889
  C:2CF8H         LINE#         890
  C:2CFCH         LINE#         891
  C:2D00H         LINE#         892
  C:2D00H         LINE#         893
  C:2D1BH         LINE#         894
  C:2D2BH         LINE#         896
  C:2D60H         LINE#         897
  C:2D60H         LINE#         898
  C:2D60H         LINE#         899
  C:2D60H         LINE#         900
  C:2D73H         LINE#         901
  C:2D7EH         LINE#         902
  C:2D89H         LINE#         903
  C:2D9BH         LINE#         904
  C:2DA8H         LINE#         905
  C:2DBAH         LINE#         906
  C:2DC8H         LINE#         907
  C:2DCBH         LINE#         908
  C:2DCBH         LINE#         909
  C:2DCEH         LINE#         910
  C:2DCEH         LINE#         911
  C:2DCEH         LINE#         912
  C:2DDAH         LINE#         913
BL51 BANKED LINKER/LOCATER V6.22.2.0                                                  08/24/2022  00:26:28  PAGE 17


  C:2DDAH         LINE#         914
  C:2DDAH         LINE#         915
  C:2DDAH         LINE#         916
  C:2DDCH         LINE#         917
  C:2DDCH         LINE#         918
  C:2DDCH         LINE#         919
  C:2DE8H         LINE#         920
  C:2DE8H         LINE#         921
  C:2DE8H         LINE#         922
  C:2DE8H         LINE#         923
  C:2DEAH         LINE#         924
  C:2DEAH         LINE#         925
  C:2DEAH         LINE#         926
  C:2DF6H         LINE#         927
  C:2DF6H         LINE#         928
  C:2DF6H         LINE#         929
  C:2DF6H         LINE#         930
  C:2DF8H         LINE#         931
  C:2DF8H         LINE#         932
  C:2DF8H         LINE#         933
  C:2E04H         LINE#         934
  C:2E04H         LINE#         935
  C:2E04H         LINE#         936
  C:2E04H         LINE#         937
  C:2E06H         LINE#         938
  C:2E06H         LINE#         939
  C:2E06H         LINE#         940
  C:2E19H         LINE#         941
  C:2E24H         LINE#         942
  C:2E2FH         LINE#         943
  C:2E2FH         LINE#         944
  C:2E32H         LINE#         945
  C:2E32H         LINE#         946
  C:2E32H         LINE#         947
  C:2E3EH         LINE#         948
  C:2E3EH         LINE#         949
  C:2E3EH         LINE#         950
  C:2E3EH         LINE#         951
  C:2E3EH         LINE#         952
  C:2E40H         LINE#         953
  C:2E40H         LINE#         954
  C:2E40H         LINE#         955
  C:2E4CH         LINE#         956
  C:2E4CH         LINE#         957
  C:2E4CH         LINE#         958
  C:2E4CH         LINE#         959
  C:2E4CH         LINE#         960
  C:2E4EH         LINE#         961
  C:2E4EH         LINE#         962
  C:2E4EH         LINE#         963
  C:2E5AH         LINE#         964
  C:2E5AH         LINE#         965
  C:2E5AH         LINE#         966
  C:2E5AH         LINE#         967
  C:2E5AH         LINE#         968
  C:2E5CH         LINE#         969
  C:2E5CH         LINE#         970
BL51 BANKED LINKER/LOCATER V6.22.2.0                                                  08/24/2022  00:26:28  PAGE 18


  C:2E5CH         LINE#         971
  C:2E68H         LINE#         972
  C:2E68H         LINE#         973
  C:2E68H         LINE#         974
  C:2E68H         LINE#         975
  C:2E68H         LINE#         976
  C:2E6AH         LINE#         977
  C:2E6AH         LINE#         978
  C:2E6AH         LINE#         979
  C:2E76H         LINE#         980
  C:2E76H         LINE#         981
  C:2E76H         LINE#         982
  C:2E76H         LINE#         983
  C:2E76H         LINE#         984
  C:2E78H         LINE#         985
  C:2E78H         LINE#         986
  C:2E78H         LINE#         987
  C:2E84H         LINE#         988
  C:2E84H         LINE#         989
  C:2E84H         LINE#         990
  C:2E84H         LINE#         991
  C:2E84H         LINE#         992
  C:2E86H         LINE#         993
  C:2E86H         LINE#         994
  C:2E86H         LINE#         995
  C:2E92H         LINE#         996
  C:2E92H         LINE#         997
  C:2E92H         LINE#         998
  C:2E92H         LINE#         999
  C:2E92H         LINE#         1000
  C:2E94H         LINE#         1001
  C:2E94H         LINE#         1002
  C:2E94H         LINE#         1003
  C:2EA7H         LINE#         1004
  C:2EB2H         LINE#         1005
  C:2EBDH         LINE#         1006
  C:2EC2H         LINE#         1007
  C:2EC2H         LINE#         1008
  C:2EC2H         LINE#         1009
  C:2EC2H         LINE#         1010
  C:2ECDH         LINE#         1011
  C:2ED8H         LINE#         1012
  C:2ED8H         LINE#         1014
  C:2EDAH         LINE#         1015
  C:2EDCH         LINE#         1016
  C:2EDEH         LINE#         1017
  C:2EE0H         LINE#         1018
  C:2EE2H         LINE#         1019
  C:2EEBH         LINE#         1020
  C:2EEBH         LINE#         1021
  C:2EF0H         LINE#         1023
  C:2EFBH         LINE#         1024
  C:2F06H         LINE#         1025
  C:2F11H         LINE#         1026
  C:2F1CH         LINE#         1028
  C:2F31H         LINE#         1029
  C:2F31H         LINE#         1030
BL51 BANKED LINKER/LOCATER V6.22.2.0                                                  08/24/2022  00:26:28  PAGE 19


  C:2F40H         LINE#         1031
  C:2F4CH         LINE#         1032
  C:2F5EH         LINE#         1033
  C:2F6CH         LINE#         1034
  C:2F74H         LINE#         1035
  C:2F74H         LINE#         1036
  C:2F74H         LINE#         1037
  C:2F74H         LINE#         1039
  C:2F83H         LINE#         1040
  C:2F8EH         LINE#         1041
  C:2F92H         LINE#         1042
  C:2FA1H         LINE#         1043
  C:2FACH         LINE#         1044
  C:2FB0H         LINE#         1045
  C:2FBFH         LINE#         1046
  C:2FCAH         LINE#         1051
  C:2FD5H         LINE#         1052
  C:2FDAH         LINE#         1053
  C:2FE5H         LINE#         1055
  C:2FE5H         LINE#         1058
  C:2FFBH         LINE#         1059
  C:2FFBH         LINE#         1060
  C:3013H         LINE#         1061
  C:3013H         LINE#         1062
  C:3027H         LINE#         1063
  C:303FH         LINE#         1064
  C:3051H         LINE#         1065
  C:3051H         LINE#         1066
  C:3072H         LINE#         1067
  C:30A2H         LINE#         1069
  C:30AAH         LINE#         1070
  C:30AAH         LINE#         1071
  C:30BCH         LINE#         1072
  C:30BCH         LINE#         1073
  C:30CFH         LINE#         1074
  C:30D4H         LINE#         1075
  C:30D4H         LINE#         1076
  C:30DAH         LINE#         1077
  C:30E3H         LINE#         1079
  C:30F7H         LINE#         1080
  C:310AH         LINE#         1081
  C:311CH         LINE#         1082
  C:311CH         LINE#         1083
  C:313DH         LINE#         1084
  C:3145H         LINE#         1085
  C:3145H         LINE#         1091
  C:3145H         LINE#         1092
  C:3145H         LINE#         1095
  C:315BH         LINE#         1096
  C:315BH         LINE#         1097
  C:3168H         LINE#         1098
  C:3168H         LINE#         1099
  C:3178H         LINE#         1100
  C:3185H         LINE#         1101
  C:3185H         LINE#         1102
  C:3196H         LINE#         1103
  C:319CH         LINE#         1104
BL51 BANKED LINKER/LOCATER V6.22.2.0                                                  08/24/2022  00:26:28  PAGE 20


  C:319CH         LINE#         1105
  C:319CH         LINE#         1107
  C:31ADH         LINE#         1108
  C:31ADH         LINE#         1109
  C:31BEH         LINE#         1110
  C:31CBH         LINE#         1111
  C:31CBH         LINE#         1112
  C:31D9H         LINE#         1113
  C:31DFH         LINE#         1114
  C:31DFH         LINE#         1115
  C:31DFH         LINE#         1116
  C:31F0H         LINE#         1117
  C:31F0H         LINE#         1118
  C:3201H         LINE#         1119
  C:320EH         LINE#         1120
  C:320EH         LINE#         1121
  C:321CH         LINE#         1122
  C:321FH         LINE#         1123
  C:3225H         LINE#         1124
  C:3225H         LINE#         1125
  C:3225H         LINE#         1126
  C:3239H         LINE#         1127
  C:3239H         LINE#         1128
  C:324AH         LINE#         1129
  C:3257H         LINE#         1130
  C:3257H         LINE#         1131
  C:325FH         LINE#         1133
  C:3270H         LINE#         1135
  C:3286H         LINE#         1136
  C:3286H         LINE#         1137
  C:329AH         LINE#         1138
  C:32B2H         LINE#         1139
  C:32C5H         LINE#         1140
  C:32C5H         LINE#         1142
  C:32CBH         LINE#         1143
  C:32CBH         LINE#         1144
  C:32CBH         LINE#         1145
  C:32D4H         LINE#         1147
  C:32DAH         LINE#         1148
  C:32DAH         LINE#         1149
  C:32DCH         LINE#         1150
  C:32DFH         LINE#         1151
  C:32DFH         LINE#         1154
  C:32F1H         LINE#         1155
  C:32F1H         LINE#         1156
  C:3300H         LINE#         1157
  C:330BH         LINE#         1158
  C:330FH         LINE#         1159
  C:331EH         LINE#         1160
  C:3329H         LINE#         1161
  C:332DH         LINE#         1162
  C:333CH         LINE#         1163
  C:3347H         LINE#         1168
  C:334AH         LINE#         1169
  C:3354H         LINE#         1170
  C:335FH         LINE#         1171
  C:3367H         LINE#         1172
BL51 BANKED LINKER/LOCATER V6.22.2.0                                                  08/24/2022  00:26:28  PAGE 21


  C:3367H         LINE#         1175
  C:336AH         LINE#         1176
  C:336DH         LINE#         1179
  C:3370H         LINE#         1182
  C:337CH         LINE#         1183
  C:337CH         LINE#         1186
  C:3399H         LINE#         1190
  C:3399H         LINE#         1194
  C:339FH         LINE#         1195
  C:339FH         LINE#         1196
  C:33ABH         LINE#         1197
  C:33AEH         LINE#         1199
  C:33C6H         LINE#         1200
  C:33C6H         LINE#         1201
  C:33D9H         LINE#         1202
  C:33DEH         LINE#         1203
  C:33DEH         LINE#         1204
  C:33E1H         LINE#         1206
  C:33E1H         LINE#         1207
  C:33F2H         LINE#         1208
  C:33F2H         LINE#         1209
  -------         ENDPROC       MAIN
  -------         PROC          CUECONTROL
  -------         DO            
  D:0004H         SYMBOL        cntModule
  D:0005H         SYMBOL        CueActive
  -------         ENDDO         
  C:6066H         LINE#         1216
  C:6066H         LINE#         1217
  C:6066H         LINE#         1219
  C:6068H         LINE#         1221
  C:606FH         LINE#         1222
  C:607BH         LINE#         1223
  C:607BH         LINE#         1224
  C:609EH         LINE#         1225
  C:60A0H         LINE#         1226
  C:60A3H         LINE#         1228
  C:60A9H         LINE#         1229
  C:60A9H         LINE#         1230
  C:60ABH         LINE#         1231
  C:60ABH         LINE#         1233
  C:60B4H         LINE#         1234
  C:60BBH         LINE#         1237
  C:60C2H         LINE#         1238
  C:60CEH         LINE#         1239
  C:60CEH         LINE#         1240
  C:60DDH         LINE#         1241
  C:60DDH         LINE#         1242
  C:610BH         LINE#         1243
  C:610BH         LINE#         1244
  C:6112H         LINE#         1245
  C:6112H         LINE#         1246
  C:6112H         LINE#         1247
  C:6115H         LINE#         1248
  C:6118H         LINE#         1250
  C:611EH         LINE#         1251
  -------         ENDPROC       CUECONTROL
BL51 BANKED LINKER/LOCATER V6.22.2.0                                                  08/24/2022  00:26:28  PAGE 22


  -------         PROC          CHECKTBMIC
  -------         DO            
  D:0007H         SYMBOL        TBByTelco
  D:0006H         SYMBOL        cntModule
  -------         ENDDO         
  C:641EH         LINE#         1253
  C:641EH         LINE#         1254
  C:641EH         LINE#         1255
  C:6420H         LINE#         1258
  C:6432H         LINE#         1259
  C:6432H         LINE#         1260
  C:6446H         LINE#         1261
  C:6446H         LINE#         1262
  C:6454H         LINE#         1263
  C:6454H         LINE#         1264
  C:6456H         LINE#         1265
  C:6456H         LINE#         1266
  C:6456H         LINE#         1267
  C:6459H         LINE#         1269
  C:6463H         LINE#         1270
  C:6463H         LINE#         1271
  C:6466H         LINE#         1272
  C:6467H         LINE#         1274
  C:6467H         LINE#         1275
  C:646AH         LINE#         1276
  C:646AH         LINE#         1277
  -------         ENDPROC       CHECKTBMIC
  -------         PROC          STUDIOMICCONTROL
  -------         DO            
  D:0007H         SYMBOL        cntModule
  D:0005H         SYMBOL        StudioMicActive
  -------         ENDDO         
  C:591CH         LINE#         1280
  C:591CH         LINE#         1281
  C:591CH         LINE#         1283
  C:591EH         LINE#         1285
  C:5925H         LINE#         1286
  C:5934H         LINE#         1287
  C:5934H         LINE#         1288
  C:5970H         LINE#         1289
  C:5970H         LINE#         1304
  C:59BDH         LINE#         1307
  C:59BDH         LINE#         1308
  C:59DDH         LINE#         1309
  C:59DFH         LINE#         1310
  C:59DFH         LINE#         1311
  C:59DFH         LINE#         1312
  C:59E3H         LINE#         1314
  C:59E6H         LINE#         1315
  C:59EDH         LINE#         1317
  C:59F7H         LINE#         1318
  C:59F7H         LINE#         1319
  C:5A08H         LINE#         1320
  C:5A1CH         LINE#         1321
  C:5A30H         LINE#         1322
  C:5A32H         LINE#         1324
  C:5A32H         LINE#         1325
BL51 BANKED LINKER/LOCATER V6.22.2.0                                                  08/24/2022  00:26:28  PAGE 23


  C:5A43H         LINE#         1326
  C:5A57H         LINE#         1327
  C:5A6AH         LINE#         1328
  C:5A6AH         LINE#         1330
  C:5A70H         LINE#         1331
  -------         ENDPROC       STUDIOMICCONTROL
  -------         PROC          DJCONTROL
  -------         DO            
  D:0007H         SYMBOL        cntModule
  D:0005H         SYMBOL        DJMicActive
  -------         ENDDO         
  C:5A71H         LINE#         1339
  C:5A71H         LINE#         1340
  C:5A71H         LINE#         1342
  C:5A73H         LINE#         1344
  C:5A7AH         LINE#         1345
  C:5A89H         LINE#         1346
  C:5A89H         LINE#         1347
  C:5AB6H         LINE#         1348
  C:5AB6H         LINE#         1365
  C:5B03H         LINE#         1368
  C:5B03H         LINE#         1369
  C:5B31H         LINE#         1370
  C:5B33H         LINE#         1371
  C:5B33H         LINE#         1372
  C:5B33H         LINE#         1373
  C:5B37H         LINE#         1375
  C:5B3AH         LINE#         1376
  C:5B41H         LINE#         1378
  C:5B4BH         LINE#         1379
  C:5B4BH         LINE#         1380
  C:5B5CH         LINE#         1381
  C:5B6FH         LINE#         1382
  C:5B83H         LINE#         1383
  C:5B85H         LINE#         1385
  C:5B85H         LINE#         1386
  C:5B96H         LINE#         1387
  C:5BA9H         LINE#         1388
  C:5BBCH         LINE#         1389
  C:5BBCH         LINE#         1390
  C:5BC2H         LINE#         1391
  -------         ENDPROC       DJCONTROL
  -------         PROC          ONAIRCONTROL
  -------         DO            
  D:0005H         SYMBOL        cntModule
  D:0001H         SYMBOL        OnAir1
  D:0006H         SYMBOL        OnAir2
  -------         ENDDO         
  C:49CBH         LINE#         1394
  C:49CBH         LINE#         1395
  C:49CBH         LINE#         1397
  C:49CDH         LINE#         1398
  C:49CEH         LINE#         1400
  C:49DCH         LINE#         1401
  C:49DCH         LINE#         1402
  C:49F4H         LINE#         1403
  C:49F4H         LINE#         1404
BL51 BANKED LINKER/LOCATER V6.22.2.0                                                  08/24/2022  00:26:28  PAGE 24


  C:4A06H         LINE#         1405
  C:4A06H         LINE#         1406
  C:4A18H         LINE#         1407
  C:4A38H         LINE#         1408
  C:4A3AH         LINE#         1409
  C:4A4FH         LINE#         1410
  C:4A75H         LINE#         1411
  C:4A77H         LINE#         1412
  C:4A7AH         LINE#         1413
  C:4A8DH         LINE#         1414
  C:4A8DH         LINE#         1415
  C:4A9FH         LINE#         1416
  C:4ABFH         LINE#         1417
  C:4AC1H         LINE#         1418
  C:4AD6H         LINE#         1419
  C:4AF9H         LINE#         1420
  C:4AFBH         LINE#         1421
  C:4AFDH         LINE#         1422
  C:4B01H         LINE#         1423
  C:4B01H         LINE#         1424
  C:4B13H         LINE#         1425
  C:4B33H         LINE#         1426
  C:4B35H         LINE#         1427
  C:4B47H         LINE#         1428
  C:4B67H         LINE#         1429
  C:4B69H         LINE#         1430
  C:4B69H         LINE#         1431
  C:4B69H         LINE#         1432
  C:4B6DH         LINE#         1434
  C:4B74H         LINE#         1435
  C:4B77H         LINE#         1436
  C:4B7AH         LINE#         1437
  C:4B7EH         LINE#         1438
  C:4B81H         LINE#         1439
  C:4B88H         LINE#         1441
  C:4B93H         LINE#         1442
  C:4B93H         LINE#         1443
  C:4BA4H         LINE#         1444
  C:4BB7H         LINE#         1445
  C:4BCBH         LINE#         1446
  C:4BCDH         LINE#         1448
  C:4BCDH         LINE#         1449
  C:4BDEH         LINE#         1450
  C:4BF1H         LINE#         1451
  C:4C04H         LINE#         1452
  C:4C04H         LINE#         1454
  C:4C0BH         LINE#         1455
  C:4C0BH         LINE#         1456
  C:4C1CH         LINE#         1457
  C:4C2FH         LINE#         1458
  C:4C43H         LINE#         1459
  C:4C45H         LINE#         1461
  C:4C45H         LINE#         1462
  C:4C56H         LINE#         1463
  C:4C69H         LINE#         1464
  C:4C7CH         LINE#         1465
  C:4C7CH         LINE#         1466
BL51 BANKED LINKER/LOCATER V6.22.2.0                                                  08/24/2022  00:26:28  PAGE 25


  C:4C82H         LINE#         1467
  -------         ENDPROC       ONAIRCONTROL
  C:5BC3H         SYMBOL        L?0336
  -------         PROC          L?0335
  -------         ENDPROC       L?0335
  C:5BC3H         SYMBOL        L?0336
  -------         PROC          _STARTCONTROL
  D:0007H         SYMBOL        Module
  D:0005H         SYMBOL        On
  -------         DO            
  X:1159H         SYMBOL        Status
  -------         ENDDO         
  C:5BC9H         LINE#         1470
  C:5BC9H         LINE#         1471
  C:5BC9H         LINE#         1472
  C:5BCEH         LINE#         1474
  C:5BDCH         LINE#         1475
  C:5BDFH         LINE#         1476
  C:5BDFH         LINE#         1477
  C:5BF1H         LINE#         1478
  C:5BF1H         LINE#         1479
  C:5C03H         LINE#         1480
  C:5C03H         LINE#         1481
  C:5C05H         LINE#         1482
  C:5C18H         LINE#         1483
  C:5C18H         LINE#         1484
  C:5C2AH         LINE#         1485
  C:5C2AH         LINE#         1486
  C:5C2CH         LINE#         1487
  C:5C30H         LINE#         1488
  C:5C30H         LINE#         1489
  C:5C42H         LINE#         1490
  C:5C50H         LINE#         1491
  C:5C50H         LINE#         1492
  C:5C50H         LINE#         1494
  C:5C5CH         LINE#         1495
  C:5C7CH         LINE#         1496
  C:5C7CH         LINE#         1497
  C:5C89H         LINE#         1498
  C:5C89H         LINE#         1500
  C:5C9AH         LINE#         1501
  C:5C9AH         LINE#         1502
  C:5CAAH         LINE#         1503
  C:5CAAH         LINE#         1504
  C:5CAAH         LINE#         1505
  C:5CACH         LINE#         1507
  C:5CACH         LINE#         1508
  C:5CBDH         LINE#         1509
  C:5CD0H         LINE#         1510
  C:5CE4H         LINE#         1511
  C:5CE4H         LINE#         1512
  C:5CEAH         LINE#         1513
  -------         ENDPROC       _STARTCONTROL
  -------         PROC          _GETMODULENRFROMTELCONR
  D:0007H         SYMBOL        TelcoNr
  -------         DO            
  D:0006H         SYMBOL        cntTelco
BL51 BANKED LINKER/LOCATER V6.22.2.0                                                  08/24/2022  00:26:28  PAGE 26


  D:0005H         SYMBOL        ModuleNr
  D:0004H         SYMBOL        cntModule
  -------         ENDDO         
  C:64B2H         LINE#         1517
  C:64B2H         LINE#         1518
  C:64B2H         LINE#         1519
  C:64B4H         LINE#         1520
  C:64B6H         LINE#         1523
  C:64C9H         LINE#         1524
  C:64C9H         LINE#         1525
  C:64D7H         LINE#         1526
  C:64D7H         LINE#         1527
  C:64ECH         LINE#         1528
  C:64ECH         LINE#         1529
  C:64EDH         LINE#         1530
  C:64EDH         LINE#         1532
  C:64F1H         LINE#         1533
  C:64F1H         LINE#         1534
  C:64F3H         LINE#         1535
  C:64F3H         LINE#         1536
  C:64F3H         LINE#         1537
  C:64F6H         LINE#         1539
  C:64F8H         LINE#         1540
  -------         ENDPROC       _GETMODULENRFROMTELCONR
  -------         PROC          _TIMERCONTROL
  D:0007H         SYMBOL        Module
  -------         DO            
  D:0006H         SYMBOL        SetTimerOn
  D:0007H         SYMBOL        cntModule
  -------         ENDDO         
  C:5EB5H         LINE#         1544
  C:5EB5H         LINE#         1545
  C:5EB5H         LINE#         1546
  C:5EB7H         LINE#         1549
  C:5EC9H         LINE#         1550
  C:5EC9H         LINE#         1551
  C:5EDBH         LINE#         1552
  C:5EDCH         LINE#         1553
  C:5EDEH         LINE#         1554
  C:5EF1H         LINE#         1555
  C:5EF1H         LINE#         1556
  C:5F03H         LINE#         1557
  C:5F05H         LINE#         1558
  C:5F07H         LINE#         1559
  C:5F0BH         LINE#         1560
  C:5F0BH         LINE#         1561
  C:5F1DH         LINE#         1562
  C:5F1FH         LINE#         1563
  C:5F1FH         LINE#         1565
  C:5F22H         LINE#         1566
  C:5F22H         LINE#         1567
  C:5F42H         LINE#         1568
  C:5F42H         LINE#         1569
  C:5F47H         LINE#         1570
  C:5F4BH         LINE#         1571
  C:5F4FH         LINE#         1572
  C:5F53H         LINE#         1573
BL51 BANKED LINKER/LOCATER V6.22.2.0                                                  08/24/2022  00:26:28  PAGE 27


  C:5F60H         LINE#         1574
  C:5F62H         LINE#         1581
  C:5F62H         LINE#         1582
  C:5F6EH         LINE#         1583
  C:5F6EH         LINE#         1585
  C:5F73H         LINE#         1586
  C:5F7EH         LINE#         1587
  C:5F7EH         LINE#         1588
  C:5F8BH         LINE#         1589
  C:5F91H         LINE#         1590
  C:5F94H         LINE#         1591
  -------         ENDPROC       _TIMERCONTROL
  -------         PROC          SETCONSOLEDATA
  -------         DO            
  D:0003H         SYMBOL        cntByte
  D:0005H         SYMBOL        cntBit
  -------         ENDDO         
  C:51CBH         LINE#         1598
  C:51CBH         LINE#         1599
  C:51CBH         LINE#         1602
  C:51D7H         LINE#         1603
  C:51D7H         LINE#         1604
  C:51F4H         LINE#         1605
  C:51F6H         LINE#         1606
  C:520DH         LINE#         1607
  C:520FH         LINE#         1608
  C:5212H         LINE#         1609
  C:5221H         LINE#         1610
  C:5221H         LINE#         1611
  C:5230H         LINE#         1612
  C:5230H         LINE#         1613
  C:5249H         LINE#         1614
  C:5249H         LINE#         1615
  C:5281H         LINE#         1616
  C:52ACH         LINE#         1617
  C:52AEH         LINE#         1619
  C:52AEH         LINE#         1620
  C:52E6H         LINE#         1621
  C:531EH         LINE#         1622
  C:531EH         LINE#         1623
  C:5320H         LINE#         1624
  C:5322H         LINE#         1625
  C:5339H         LINE#         1626
  C:533BH         LINE#         1627
  C:533DH         LINE#         1628
  C:5341H         LINE#         1629
  C:5345H         LINE#         1630
  C:5347H         LINE#         1631
  C:535EH         LINE#         1632
  C:5360H         LINE#         1633
  C:5362H         LINE#         1634
  C:5379H         LINE#         1635
  C:537BH         LINE#         1636
  -------         ENDPROC       SETCONSOLEDATA
  -------         ENDMOD        AIRLABBRM_WILLEM

  -------         MODULE        DELAY
BL51 BANKED LINKER/LOCATER V6.22.2.0                                                  08/24/2022  00:26:28  PAGE 28


  C:0000H         SYMBOL        _ICE_DUMMY_
  D:00FFH         PUBLIC        T3
  D:0087H         PUBLIC        PCON
  C:6538H         PUBLIC        _Delay
  -------         PROC          _DELAY
  D:0006H         SYMBOL        tijd
  -------         DO            
  D:0004H         SYMBOL        x
  D:0002H         SYMBOL        y
  -------         ENDDO         
  C:6538H         LINE#         6
  C:6538H         LINE#         7
  C:6538H         LINE#         9
  C:6549H         LINE#         10
  C:6549H         LINE#         11
  C:654CH         LINE#         12
  C:654CH         LINE#         14
  C:654FH         LINE#         15
  C:6552H         LINE#         16
  C:655DH         LINE#         17
  C:6564H         LINE#         18
  -------         ENDPROC       _DELAY
  -------         ENDMOD        DELAY

  -------         MODULE        I2C
  C:0000H         SYMBOL        _ICE_DUMMY_
  B:00D8H.2       PUBLIC        AA
  B:00A8H.7       PUBLIC        EA
  D:00FFH         PUBLIC        T3
  X:0CF1H         PUBLIC        I2CBufferInPtrBottom
  X:0CF2H         PUBLIC        I2CBufferOutPtrBottom
  C:5659H         PUBLIC        _WriteData
  X:0CF3H         PUBLIC        I2CByteNr
  B:00D8H.6       PUBLIC        ENS1
  B:00D8H.3       PUBLIC        SI
  X:0CF4H         PUBLIC        I2CBuffer
  X:0DF4H         PUBLIC        I2CFromAddress
  X:0DF5H         PUBLIC        I2CDataLength
  X:0DF6H         PUBLIC        I2CAddressBufferOut
  X:0EF6H         PUBLIC        I2CRepeat
  X:0EF7H         PUBLIC        I2CLength
  X:0EF8H         PUBLIC        I2CModule
  D:0087H         PUBLIC        PCON
  C:64F9H         PUBLIC        SetupSIO1
  X:0EF9H         PUBLIC        CurrentAddress
  B:0090H.6       PUBLIC        P16
  B:0090H.7       PUBLIC        P17
  X:0EFAH         PUBLIC        I2CBufferInPtrTop
  X:0EFBH         PUBLIC        I2CSendReady
  X:0EFCH         PUBLIC        I2CBufferOutPtrTop
  B:00D8H.0       PUBLIC        CR0
  B:00D8H.1       PUBLIC        CR1
  X:0EFDH         PUBLIC        I2CStatus
  B:00D8H.7       PUBLIC        CR2
  B:00A8H.5       PUBLIC        ES1
  C:3977H         PUBLIC        Int_I2C
  X:0EFEH         PUBLIC        I2CError
BL51 BANKED LINKER/LOCATER V6.22.2.0                                                  08/24/2022  00:26:28  PAGE 29


  X:0EFFH         PUBLIC        I2CItem
  X:0F00H         PUBLIC        I2CDataBufferOut
  B:00B8H.5       PUBLIC        PS1
  X:1000H         PUBLIC        I2CBufferIn
  D:00DBH         PUBLIC        S1ADR
  D:00DAH         PUBLIC        S1DAT
  B:00D8H.5       PUBLIC        STA
  X:1100H         PUBLIC        I2CMasterReciever
  D:00D9H         PUBLIC        S1STA
  X:1101H         PUBLIC        I2CRepeatAddress
  B:00D8H.4       PUBLIC        STO
  C:611FH         PUBLIC        _SetAddress
  C:5F95H         PUBLIC        _ReadData
  -------         PROC          SETUPSIO1
  C:64F9H         LINE#         53
  C:64F9H         LINE#         54
  C:64F9H         LINE#         56
  C:64FEH         LINE#         57
  C:6502H         LINE#         58
  C:6506H         LINE#         59
  C:650AH         LINE#         60
  C:650FH         LINE#         61
  C:6514H         LINE#         62
  C:6518H         LINE#         63
  C:651CH         LINE#         86
  C:651FH         LINE#         91
  C:6521H         LINE#         92
  C:6523H         LINE#         94
  C:6525H         LINE#         111
  C:6527H         LINE#         124
  C:6529H         LINE#         125
  C:652BH         LINE#         126
  C:652DH         LINE#         141
  C:652FH         LINE#         143
  C:6531H         LINE#         148
  C:6533H         LINE#         154
  C:6535H         LINE#         155
  C:6537H         LINE#         156
  -------         ENDPROC       SETUPSIO1
  -------         PROC          _SETADDRESS
  X:1160H         SYMBOL        I2CAddress
  D:0004H         SYMBOL        StartAddress
  -------         DO            
  D:0007H         SYMBOL        Address
  -------         ENDDO         
  C:611FH         LINE#         159
  C:6125H         LINE#         160
  C:6125H         LINE#         164
  C:6135H         LINE#         170
  C:613AH         LINE#         171
  C:613EH         LINE#         172
  C:6143H         LINE#         174
  C:6148H         LINE#         175
  C:614CH         LINE#         177
  C:615BH         LINE#         178
  C:6170H         LINE#         180
  C:6172H         LINE#         189
BL51 BANKED LINKER/LOCATER V6.22.2.0                                                  08/24/2022  00:26:28  PAGE 30


  C:617EH         LINE#         190
  C:617EH         LINE#         191
  C:6180H         LINE#         192
  C:6182H         LINE#         193
  C:6184H         LINE#         196
  C:6184H         LINE#         197
  C:6186H         LINE#         198
  C:618CH         LINE#         199
  C:6193H         LINE#         201
  C:6199H         LINE#         202
  C:6199H         LINE#         203
  C:61A4H         LINE#         204
  C:61ACH         LINE#         205
  C:61ACH         LINE#         206
  C:61B0H         LINE#         210
  C:61B2H         LINE#         212
  C:61BDH         LINE#         214
  C:61C2H         LINE#         215
  C:61C2H         LINE#         216
  -------         ENDPROC       _SETADDRESS
  -------         PROC          _READDATA
  X:1157H         SYMBOL        I2CAddress
  D:0004H         SYMBOL        StartAddress
  X:115AH         SYMBOL        Buffer
  X:115DH         SYMBOL        NrOfBytes
  -------         DO            
  D:0007H         SYMBOL        cnt
  X:115EH         SYMBOL        Address
  -------         DO            
  X:115FH         SYMBOL        Dummy
  -------         ENDDO         
  -------         ENDDO         
  C:5F95H         LINE#         222
  C:5FA5H         LINE#         223
  C:5FA5H         LINE#         225
  C:5FC0H         LINE#         229
  C:5FC5H         LINE#         230
  C:5FC9H         LINE#         231
  C:5FCDH         LINE#         233
  C:5FD2H         LINE#         234
  C:5FD7H         LINE#         238
  C:5FDAH         LINE#         240
  C:5FE0H         LINE#         241
  C:5FE8H         LINE#         242
  C:6000H         LINE#         243
  C:6002H         LINE#         245
  C:6008H         LINE#         246
  C:6008H         LINE#         247
  C:600AH         LINE#         248
  C:600CH         LINE#         249
  C:600EH         LINE#         250
  C:600EH         LINE#         251
  C:6010H         LINE#         253
  C:6016H         LINE#         254
  C:601BH         LINE#         256
  C:601CH         LINE#         257
  C:6028H         LINE#         258
BL51 BANKED LINKER/LOCATER V6.22.2.0                                                  08/24/2022  00:26:28  PAGE 31


  C:6028H         LINE#         259
  C:603DH         LINE#         260
  C:6047H         LINE#         261
  C:6063H         LINE#         262
  C:6065H         LINE#         263
  -------         ENDPROC       _READDATA
  -------         PROC          _WRITEDATA
  X:1157H         SYMBOL        I2CAddress
  X:1158H         SYMBOL        StartAddress
  X:115AH         SYMBOL        Buffer
  X:115DH         SYMBOL        NrOfBytes
  -------         DO            
  X:115EH         SYMBOL        cntByte
  X:115FH         SYMBOL        Address
  -------         ENDDO         
  C:5659H         LINE#         269
  C:566DH         LINE#         270
  C:566DH         LINE#         271
  C:5672H         LINE#         272
  C:568EH         LINE#         274
  C:569DH         LINE#         275
  C:569DH         LINE#         277
  C:56A0H         LINE#         278
  C:56A3H         LINE#         280
  C:56B5H         LINE#         281
  C:56CEH         LINE#         282
  C:56DDH         LINE#         283
  C:5704H         LINE#         284
  C:5712H         LINE#         285
  C:5714H         LINE#         287
  C:5728H         LINE#         288
  C:5728H         LINE#         289
  C:573CH         LINE#         290
  C:5763H         LINE#         291
  C:5771H         LINE#         292
  C:5777H         LINE#         293
  C:5779H         LINE#         295
  C:577BH         LINE#         296
  C:578DH         LINE#         297
  C:578DH         LINE#         298
  C:578FH         LINE#         299
  C:5791H         LINE#         300
  C:5793H         LINE#         301
  C:5793H         LINE#         302
  C:5795H         LINE#         304
  C:579BH         LINE#         306
  C:57B7H         LINE#         308
  C:57BEH         LINE#         309
  C:57C1H         LINE#         310
  -------         ENDPROC       _WRITEDATA
  -------         PROC          INT_I2C
  -------         DO            
  D:001FH         SYMBOL        Status
  D:001EH         SYMBOL        Data
  -------         DO            
  X:1102H         SYMBOL        cnt
  -------         ENDDO         
BL51 BANKED LINKER/LOCATER V6.22.2.0                                                  08/24/2022  00:26:28  PAGE 32


  -------         DO            
  X:1102H         SYMBOL        cnt
  X:1102H         SYMBOL        cnt
  -------         ENDDO         
  -------         DO            
  X:1102H         SYMBOL        cnt
  -------         ENDDO         
  -------         ENDDO         
  C:3977H         LINE#         317
  C:3982H         LINE#         319
  C:3984H         LINE#         320
  C:3986H         LINE#         324
  C:398BH         LINE#         326
  C:398FH         LINE#         327
  C:3993H         LINE#         328
  C:3998H         LINE#         329
  C:399DH         LINE#         330
  C:39A1H         LINE#         333
  C:39A6H         LINE#         335
  C:39FBH         LINE#         336
  C:39FBH         LINE#         337
  C:39FBH         LINE#         338
  C:39FBH         LINE#         339
  C:3A07H         LINE#         340
  C:3A07H         LINE#         341
  C:3A18H         LINE#         342
  C:3A1EH         LINE#         343
  C:3A24H         LINE#         344
  C:3A24H         LINE#         345
  C:3A26H         LINE#         347
  C:3A35H         LINE#         348
  C:3A35H         LINE#         349
  C:3A3AH         LINE#         350
  C:3A3FH         LINE#         351
  C:3A3FH         LINE#         352
  C:3A3FH         LINE#         353
  C:3A42H         LINE#         354
  C:3A42H         LINE#         355
  C:3A42H         LINE#         356
  C:3A44H         LINE#         357
  C:3A59H         LINE#         358
  C:3A63H         LINE#         359
  C:3A63H         LINE#         360
  C:3A68H         LINE#         361
  C:3A70H         LINE#         362
  C:3A70H         LINE#         363
  C:3A70H         LINE#         364
  C:3A73H         LINE#         365
  C:3A73H         LINE#         366
  C:3A73H         LINE#         367
  C:3A7FH         LINE#         368
  C:3A7FH         LINE#         369
  C:3A81H         LINE#         370
  C:3A83H         LINE#         371
  C:3A90H         LINE#         372
  C:3A93H         LINE#         374
  C:3A93H         LINE#         375
BL51 BANKED LINKER/LOCATER V6.22.2.0                                                  08/24/2022  00:26:28  PAGE 33


  C:3A95H         LINE#         376
  C:3A97H         LINE#         377
  C:3A99H         LINE#         378
  C:3A9FH         LINE#         379
  C:3A9FH         LINE#         380
  C:3A9FH         LINE#         381
  C:3A9FH         LINE#         382
  C:3AA2H         LINE#         383
  C:3AA2H         LINE#         384
  C:3AA2H         LINE#         385
  C:3AA8H         LINE#         386
  C:3AB2H         LINE#         387
  C:3AB2H         LINE#         388
  C:3AB4H         LINE#         389
  C:3AB6H         LINE#         390
  C:3AB8H         LINE#         391
  C:3ABEH         LINE#         392
  C:3AC2H         LINE#         393
  C:3AE8H         LINE#         394
  C:3AE8H         LINE#         395
  C:3AEEH         LINE#         396
  C:3AF0H         LINE#         397
  C:3AF0H         LINE#         399
  C:3AF0H         LINE#         400
  C:3AF2H         LINE#         401
  C:3AF4H         LINE#         402
  C:3AF6H         LINE#         403
  C:3AF6H         LINE#         404
  C:3AF6H         LINE#         405
  C:3AF9H         LINE#         406
  C:3AF9H         LINE#         407
  C:3AF9H         LINE#         408
  C:3AFFH         LINE#         409
  C:3B1DH         LINE#         410
  C:3B1DH         LINE#         411
  C:3B1FH         LINE#         412
  C:3B21H         LINE#         413
  C:3B31H         LINE#         414
  C:3B33H         LINE#         416
  C:3B33H         LINE#         417
  C:3B35H         LINE#         418
  C:3B37H         LINE#         419
  C:3B39H         LINE#         420
  C:3B3FH         LINE#         421
  C:3B3FH         LINE#         422
  C:3B44H         LINE#         423
  C:3B44H         LINE#         424
  C:3B47H         LINE#         425
  C:3B47H         LINE#         426
  C:3B47H         LINE#         427
  C:3B49H         LINE#         428
  C:3B4BH         LINE#         429
  C:3B51H         LINE#         430
  C:3B5EH         LINE#         431
  C:3B5EH         LINE#         432
  C:3B84H         LINE#         433
  C:3B84H         LINE#         434
BL51 BANKED LINKER/LOCATER V6.22.2.0                                                  08/24/2022  00:26:28  PAGE 34


  C:3B8AH         LINE#         435
  C:3B8CH         LINE#         436
  C:3B8CH         LINE#         437
  C:3B8CH         LINE#         438
  C:3B8CH         LINE#         439
  C:3B8CH         LINE#         440
  C:3B8CH         LINE#         441
  C:3B8EH         LINE#         442
  C:3B90H         LINE#         443
  C:3B96H         LINE#         444
  C:3BA3H         LINE#         445
  C:3BA3H         LINE#         446
  C:3BC9H         LINE#         447
  C:3BC9H         LINE#         448
  C:3BCFH         LINE#         449
  C:3BD1H         LINE#         450
  C:3BD1H         LINE#         451
  C:3BD1H         LINE#         452
  C:3BD1H         LINE#         453
  C:3BD1H         LINE#         454
  C:3BD1H         LINE#         455
  C:3BD3H         LINE#         456
  C:3BD5H         LINE#         458
  C:3BDAH         LINE#         459
  C:3BE7H         LINE#         460
  C:3BECH         LINE#         462
  C:3BEEH         LINE#         463
  C:3BEEH         LINE#         464
  C:3BF1H         LINE#         465
  C:3BF1H         LINE#         466
  C:3BF1H         LINE#         467
  C:3BF3H         LINE#         468
  C:3BF5H         LINE#         469
  C:3BF5H         LINE#         470
  C:3BF5H         LINE#         471
  C:3BF5H         LINE#         472
  C:3BF8H         LINE#         473
  C:3BF8H         LINE#         474
  C:3BF8H         LINE#         475
  C:3C0BH         LINE#         477
  C:3C0DH         LINE#         478
  C:3C0FH         LINE#         479
  C:3C1DH         LINE#         480
  C:3C22H         LINE#         482
  C:3C24H         LINE#         483
  C:3C24H         LINE#         484
  C:3C27H         LINE#         485
  C:3C27H         LINE#         486
  C:3C27H         LINE#         487
  C:3C2CH         LINE#         489
  C:3C3AH         LINE#         490
  C:3C3AH         LINE#         491
  C:3C59H         LINE#         492
  C:3C5FH         LINE#         493
  C:3C61H         LINE#         494
  C:3C74H         LINE#         496
  C:3C79H         LINE#         497
BL51 BANKED LINKER/LOCATER V6.22.2.0                                                  08/24/2022  00:26:28  PAGE 35


  C:3C7BH         LINE#         498
  C:3C7DH         LINE#         499
  C:3C82H         LINE#         500
  C:3C82H         LINE#         501
  C:3C85H         LINE#         502
  C:3C85H         LINE#         503
  C:3C85H         LINE#         504
  C:3C85H         LINE#         505
  C:3C85H         LINE#         506
  C:3C85H         LINE#         507
  C:3C85H         LINE#         508
  C:3C85H         LINE#         509
  C:3C87H         LINE#         510
  C:3C87H         LINE#         511
  C:3C87H         LINE#         512
  C:3C87H         LINE#         513
  C:3C87H         LINE#         514
  C:3C87H         LINE#         515
  C:3C87H         LINE#         516
  C:3C87H         LINE#         517
  C:3C89H         LINE#         518
  C:3C89H         LINE#         519
  C:3C89H         LINE#         520
  C:3C89H         LINE#         521
  C:3C89H         LINE#         522
  C:3C89H         LINE#         523
  C:3C89H         LINE#         524
  C:3C89H         LINE#         525
  C:3C8BH         LINE#         526
  C:3C8BH         LINE#         527
  C:3C8BH         LINE#         528
  C:3C8DH         LINE#         529
  C:3C8FH         LINE#         530
  C:3C95H         LINE#         531
  C:3C9AH         LINE#         532
  C:3C9AH         LINE#         533
  C:3C9DH         LINE#         534
  C:3C9DH         LINE#         535
  C:3C9DH         LINE#         536
  C:3CABH         LINE#         537
  C:3CABH         LINE#         538
  C:3CABH         LINE#         539
  C:3CABH         LINE#         540
  C:3CAEH         LINE#         541
  C:3CAEH         LINE#         542
[...]
  C:1DF8H         LINE#         1170
  C:1E0BH         LINE#         1171
  C:1E0BH         LINE#         1172
  C:1E2BH         LINE#         1173
  C:1E39H         LINE#         1174
  C:1E41H         LINE#         1175
  C:1E57H         LINE#         1176
  C:1E57H         LINE#         1177
  C:1E5AH         LINE#         1178
  C:1E5AH         LINE#         1179
  C:1E5AH         LINE#         1182
  C:1E61H         LINE#         1183
  C:1E63H         LINE#         1185
  C:1E77H         LINE#         1187
  C:1E89H         LINE#         1188
  C:1E89H         LINE#         1189
  C:1EA4H         LINE#         1190
  C:1EA4H         LINE#         1191
BL51 BANKED LINKER/LOCATER V6.22.2.0                                                  08/24/2022  00:26:28  PAGE 71


  C:1EAAH         LINE#         1192
  C:1EAAH         LINE#         1193
  C:1EB2H         LINE#         1195
  C:1EBBH         LINE#         1196
  C:1EBBH         LINE#         1197
  C:1EC9H         LINE#         1198
  C:1EDCH         LINE#         1199
  C:1EDCH         LINE#         1200
  C:1EFCH         LINE#         1201
  C:1F0AH         LINE#         1202
  C:1F12H         LINE#         1203
  C:1F2BH         LINE#         1205
  C:1F2BH         LINE#         1208
  C:1F41H         LINE#         1209
  C:1F41H         LINE#         1210
  C:1F59H         LINE#         1211
  C:1F59H         LINE#         1212
  C:1F6DH         LINE#         1213
  C:1F85H         LINE#         1214
  C:1F97H         LINE#         1215
  C:1F97H         LINE#         1216
  C:1FB8H         LINE#         1217
  C:1FE8H         LINE#         1219
  C:1FF0H         LINE#         1220
  C:1FF0H         LINE#         1221
  C:2002H         LINE#         1222
  C:2002H         LINE#         1223
  C:2015H         LINE#         1224
  C:201AH         LINE#         1225
  C:201AH         LINE#         1226
  C:2020H         LINE#         1227
  C:2029H         LINE#         1229
  C:203DH         LINE#         1230
  C:2050H         LINE#         1231
  C:2065H         LINE#         1232
  C:2065H         LINE#         1233
  C:2086H         LINE#         1234
  C:208EH         LINE#         1235
  C:208EH         LINE#         1236
  C:208EH         LINE#         1238
  C:208EH         LINE#         1239
  C:2099H         LINE#         1240
  C:20A4H         LINE#         1241
  C:20ABH         LINE#         1242
  C:20ABH         LINE#         1243
  C:20ABH         LINE#         1244
  C:20AEH         LINE#         1245
  C:20AEH         LINE#         1246
  C:20AEH         LINE#         1248
  C:20B5H         LINE#         1250
  C:20BFH         LINE#         1251
  C:20CAH         LINE#         1253
  C:20E3H         LINE#         1254
  C:20F1H         LINE#         1255
  C:2104H         LINE#         1256
  C:2104H         LINE#         1257
  C:2124H         LINE#         1258
BL51 BANKED LINKER/LOCATER V6.22.2.0                                                  08/24/2022  00:26:28  PAGE 72


  C:2132H         LINE#         1259
  C:213AH         LINE#         1260
  C:2153H         LINE#         1261
  C:2153H         LINE#         1262
  C:2153H         LINE#         1263
  C:2153H         LINE#         1264
  C:2158H         LINE#         1265
  C:215CH         LINE#         1267
  C:2166H         LINE#         1268
  C:2171H         LINE#         1269
  C:217CH         LINE#         1270
  C:2193H         LINE#         1272
  C:21A2H         LINE#         1273
  C:21ADH         LINE#         1274
  C:21B1H         LINE#         1275
  C:21C0H         LINE#         1276
  C:21CBH         LINE#         1277
  C:21CFH         LINE#         1278
  C:21DEH         LINE#         1279
  C:21E9H         LINE#         1284
  C:21ECH         LINE#         1285
  C:21F6H         LINE#         1286
  C:21FCH         LINE#         1287
  C:21FCH         LINE#         1288
  C:21FFH         LINE#         1289
  C:21FFH         LINE#         1290
  C:21FFH         LINE#         1293
  C:2204H         LINE#         1294
  C:2208H         LINE#         1296
  C:2212H         LINE#         1297
  C:221DH         LINE#         1298
  C:2228H         LINE#         1299
  C:223FH         LINE#         1301
  C:224EH         LINE#         1302
  C:2259H         LINE#         1303
  C:225DH         LINE#         1304
  C:226CH         LINE#         1305
  C:2277H         LINE#         1306
  C:227BH         LINE#         1307
  C:228AH         LINE#         1308
  C:2295H         LINE#         1313
  C:2298H         LINE#         1314
  C:22A2H         LINE#         1315
  C:22ADH         LINE#         1316
  C:22B0H         LINE#         1317
  C:22B0H         LINE#         1318
  C:22B0H         LINE#         1319
  C:22B0H         LINE#         1320
  C:22B0H         LINE#         1321
  C:22B0H         LINE#         1322
  C:22B0H         LINE#         1323
  C:22B0H         LINE#         1324
  C:22B0H         LINE#         1325
  C:22B9H         LINE#         1326
  C:22B9H         LINE#         1327
  C:22C4H         LINE#         1328
  C:22C4H         LINE#         1329
BL51 BANKED LINKER/LOCATER V6.22.2.0                                                  08/24/2022  00:26:28  PAGE 73


  C:22C4H         LINE#         1330
  C:22C4H         LINE#         1331
  C:22C4H         LINE#         1332
  C:22C4H         LINE#         1333
  C:22C4H         LINE#         1334
  C:22C4H         LINE#         1335
  C:22CDH         LINE#         1336
  C:22CDH         LINE#         1339
  C:22DDH         LINE#         1340
  C:22E8H         LINE#         1341
  C:22F3H         LINE#         1343
  C:2307H         LINE#         1344
  C:231AH         LINE#         1345
  C:232FH         LINE#         1346
  C:232FH         LINE#         1347
  C:2350H         LINE#         1348
  C:2358H         LINE#         1349
  C:2358H         LINE#         1350
  C:2358H         LINE#         1351
  C:2358H         LINE#         1352
  C:2358H         LINE#         1353
  C:2358H         LINE#         1354
  C:2358H         LINE#         1355
  C:2358H         LINE#         1356
  C:2358H         LINE#         1357
  C:2358H         LINE#         1358
  C:2361H         LINE#         1359
  C:2361H         LINE#         1360
  C:2367H         LINE#         1361
  C:237EH         LINE#         1362
  C:237EH         LINE#         1363
  C:237EH         LINE#         1364
  C:237EH         LINE#         1365
  C:238BH         LINE#         1366
  C:238EH         LINE#         1367
  C:2399H         LINE#         1368
  C:23ABH         LINE#         1369
  C:23ABH         LINE#         1370
  C:23AEH         LINE#         1371
  C:23AEH         LINE#         1372
  C:23AEH         LINE#         1373
  C:23BBH         LINE#         1374
  C:23BEH         LINE#         1376
  C:23C5H         LINE#         1377
  C:23C5H         LINE#         1378
  C:23C5H         LINE#         1380
  C:23C5H         LINE#         1381
  C:23C5H         LINE#         1382
  C:23C5H         LINE#         1383
  C:23C8H         LINE#         1384
  C:23C8H         LINE#         1385
  C:23C8H         LINE#         1386
  C:23D5H         LINE#         1387
  C:23D8H         LINE#         1388
  C:23E3H         LINE#         1389
  C:23FAH         LINE#         1390
  C:2405H         LINE#         1391
BL51 BANKED LINKER/LOCATER V6.22.2.0                                                  08/24/2022  00:26:28  PAGE 74


  C:2417H         LINE#         1392
  C:2417H         LINE#         1393
  C:241BH         LINE#         1394
  C:241DH         LINE#         1396
  C:241DH         LINE#         1397
  C:2421H         LINE#         1398
  C:2421H         LINE#         1399
  C:2421H         LINE#         1400
  C:2424H         LINE#         1401
  C:2424H         LINE#         1402
  C:2424H         LINE#         1403
  C:2431H         LINE#         1404
  C:2434H         LINE#         1406
  C:243AH         LINE#         1407
  C:243AH         LINE#         1408
  C:2442H         LINE#         1409
  C:2445H         LINE#         1410
  C:2445H         LINE#         1411
  C:2450H         LINE#         1412
  C:2467H         LINE#         1414
  C:2476H         LINE#         1415
  C:2476H         LINE#         1416
  C:2476H         LINE#         1417
  C:2476H         LINE#         1418
  C:2476H         LINE#         1419
  C:2476H         LINE#         1420
  C:2479H         LINE#         1421
  C:2479H         LINE#         1422
  C:2479H         LINE#         1423
  C:2479H         LINE#         1424
  C:2479H         LINE#         1425
  C:2479H         LINE#         1426
  C:247CH         LINE#         1427
  C:247CH         LINE#         1433
  C:247CH         LINE#         1434
  C:247CH         LINE#         1435
  C:247CH         LINE#         1436
  C:247CH         LINE#         1437
  C:247CH         LINE#         1438
  C:247CH         LINE#         1439
  C:247CH         LINE#         1440
  C:247CH         LINE#         1441
  C:247CH         LINE#         1442
  C:2485H         LINE#         1443
  C:2485H         LINE#         1444
  C:248BH         LINE#         1445
  C:24A5H         LINE#         1446
  C:24A5H         LINE#         1447
  C:24A5H         LINE#         1448
  C:24A5H         LINE#         1449
  C:24B2H         LINE#         1450
  C:24B4H         LINE#         1451
  C:24BFH         LINE#         1452
  C:24D1H         LINE#         1453
  C:24D1H         LINE#         1454
  C:24D4H         LINE#         1455
  C:24D4H         LINE#         1456
BL51 BANKED LINKER/LOCATER V6.22.2.0                                                  08/24/2022  00:26:28  PAGE 75


  C:24D4H         LINE#         1457
  C:24E1H         LINE#         1458
  C:24E3H         LINE#         1460
  C:24EEH         LINE#         1461
  C:2505H         LINE#         1462
  C:2510H         LINE#         1464
  C:251BH         LINE#         1465
  C:2523H         LINE#         1466
  C:2523H         LINE#         1467
  C:2523H         LINE#         1468
  C:2523H         LINE#         1469
  C:2523H         LINE#         1470
  C:2530H         LINE#         1471
  C:2532H         LINE#         1472
  C:253DH         LINE#         1473
  C:2554H         LINE#         1474
  C:255FH         LINE#         1475
  C:2571H         LINE#         1476
  C:2571H         LINE#         1477
  C:2575H         LINE#         1478
  C:2577H         LINE#         1480
  C:2577H         LINE#         1481
  C:257BH         LINE#         1482
  C:257BH         LINE#         1483
  C:257BH         LINE#         1484
  C:257EH         LINE#         1485
  C:257EH         LINE#         1486
  C:257EH         LINE#         1487
  C:258BH         LINE#         1488
  C:258DH         LINE#         1490
  C:2593H         LINE#         1491
  C:2593H         LINE#         1492
  C:259BH         LINE#         1493
  C:259EH         LINE#         1494
  C:259EH         LINE#         1495
  C:25A9H         LINE#         1496
  C:25C0H         LINE#         1497
  C:25CCH         LINE#         1498
  C:25CCH         LINE#         1499
  C:25CCH         LINE#         1500
  C:25CCH         LINE#         1501
  C:25CFH         LINE#         1502
  C:25CFH         LINE#         1503
  C:25CFH         LINE#         1504
  C:25CFH         LINE#         1505
  C:25CFH         LINE#         1506
  C:25DAH         LINE#         1507
  C:25E0H         LINE#         1508
  C:25E0H         LINE#         1509
  C:25E3H         LINE#         1510
  C:25E3H         LINE#         1511
  C:25E3H         LINE#         1512
  C:25EEH         LINE#         1513
  C:25F4H         LINE#         1514
  C:25F4H         LINE#         1515
  C:25F7H         LINE#         1516
  C:25F7H         LINE#         1517
BL51 BANKED LINKER/LOCATER V6.22.2.0                                                  08/24/2022  00:26:28  PAGE 76


  C:25F7H         LINE#         1518
  C:25F7H         LINE#         1519
  C:25F7H         LINE#         1520
  C:25F7H         LINE#         1521
  C:25F7H         LINE#         1522
  C:25F7H         LINE#         1523
  C:25F7H         LINE#         1524
  C:25F7H         LINE#         1525
  C:2600H         LINE#         1526
  C:2600H         LINE#         1527
  C:260BH         LINE#         1528
  C:260BH         LINE#         1529
  C:260BH         LINE#         1530
  C:260BH         LINE#         1531
  C:260BH         LINE#         1532
  C:260BH         LINE#         1533
  C:260BH         LINE#         1534
  C:260BH         LINE#         1535
  C:2614H         LINE#         1536
  C:2614H         LINE#         1539
  C:2623H         LINE#         1540
  C:262DH         LINE#         1541
  C:2638H         LINE#         1542
  C:2646H         LINE#         1543
  C:2646H         LINE#         1544
  C:2646H         LINE#         1545
  C:2646H         LINE#         1546
  C:2646H         LINE#         1547
  C:2649H         LINE#         1548
  C:2649H         LINE#         1549
  C:264BH         LINE#         1550
  C:264BH         LINE#         1551
  C:264BH         LINE#         1552
  C:2652H         LINE#         1553
  C:2691H         LINE#         1554
  C:2691H         LINE#         1555
  C:2698H         LINE#         1556
  C:2698H         LINE#         1557
  C:269BH         LINE#         1558
  C:26A1H         LINE#         1559
  C:26A1H         LINE#         1560
  C:26A1H         LINE#         1561
  C:26A1H         LINE#         1563
  C:26B5H         LINE#         1564
  C:26C8H         LINE#         1565
  C:26DDH         LINE#         1566
  C:26DDH         LINE#         1567
  C:26FEH         LINE#         1568
  C:2706H         LINE#         1569
  C:2706H         LINE#         1570
  C:2706H         LINE#         1571
  C:2706H         LINE#         1573
  C:2706H         LINE#         1574
  C:2706H         LINE#         1575
  C:2706H         LINE#         1576
  C:2706H         LINE#         1577
  C:2706H         LINE#         1578
BL51 BANKED LINKER/LOCATER V6.22.2.0                                                  08/24/2022  00:26:28  PAGE 77


  C:2706H         LINE#         1581
  C:271CH         LINE#         1582
  C:271CH         LINE#         1583
  C:272BH         LINE#         1584
  C:2739H         LINE#         1586
  C:2748H         LINE#         1587
  C:2748H         LINE#         1588
  C:2755H         LINE#         1589
  C:276AH         LINE#         1590
  C:276AH         LINE#         1591
  C:277EH         LINE#         1592
  C:2796H         LINE#         1593
  C:27A9H         LINE#         1594
  C:27A9H         LINE#         1595
  C:27A9H         LINE#         1596
  C:27B2H         LINE#         1597
  C:27B5H         LINE#         1598
  C:27B8H         LINE#         1599
  C:27BBH         LINE#         1600
  C:27C3H         LINE#         1602
  C:27C3H         LINE#         1603
  C:27C3H         LINE#         1604
  C:27C6H         LINE#         1605
  C:27C6H         LINE#         1606
  C:27C6H         LINE#         1607
  C:27CFH         LINE#         1608
  C:27CFH         LINE#         1609
  C:27D6H         LINE#         1610
  C:27D9H         LINE#         1611
  C:27E0H         LINE#         1612
  C:27E3H         LINE#         1613
  C:27EAH         LINE#         1614
  C:27F0H         LINE#         1615
  C:27F8H         LINE#         1616
  C:2801H         LINE#         1617
  C:2801H         LINE#         1621
  C:2807H         LINE#         1622
  C:280BH         LINE#         1623
  C:2816H         LINE#         1624
  C:282DH         LINE#         1625
  C:2838H         LINE#         1626
  C:2843H         LINE#         1628
  C:2857H         LINE#         1629
  C:286AH         LINE#         1630
  C:287EH         LINE#         1632
  C:2886H         LINE#         1633
  C:2890H         LINE#         1634
  C:28A4H         LINE#         1636
  C:28B8H         LINE#         1637
  C:28CBH         LINE#         1638
  C:28DDH         LINE#         1639
  C:28DDH         LINE#         1640
  C:28FEH         LINE#         1641
  C:2906H         LINE#         1642
  C:2906H         LINE#         1643
  C:2906H         LINE#         1644
  C:2909H         LINE#         1646
BL51 BANKED LINKER/LOCATER V6.22.2.0                                                  08/24/2022  00:26:28  PAGE 78


  C:2909H         LINE#         1649
  C:290EH         LINE#         1651
  C:2922H         LINE#         1652
  C:2935H         LINE#         1653
  C:2948H         LINE#         1655
  C:2950H         LINE#         1657
  C:2964H         LINE#         1658
  C:2977H         LINE#         1659
  C:2989H         LINE#         1660
  C:2989H         LINE#         1661
  C:29AAH         LINE#         1662
  C:29B2H         LINE#         1664
  C:29B9H         LINE#         1665
  C:29BFH         LINE#         1666
  C:29C2H         LINE#         1667
  C:29DEH         LINE#         1668
  C:29DEH         LINE#         1671
  C:29E3H         LINE#         1672
  C:29E7H         LINE#         1674
  C:29F1H         LINE#         1675
  C:29FCH         LINE#         1676
  C:2A07H         LINE#         1677
  C:2A1EH         LINE#         1679
  C:2A2DH         LINE#         1680
  C:2A38H         LINE#         1681
  C:2A3CH         LINE#         1682
  C:2A4BH         LINE#         1683
  C:2A56H         LINE#         1684
  C:2A5AH         LINE#         1685
  C:2A69H         LINE#         1686
  C:2A74H         LINE#         1691
  C:2A77H         LINE#         1692
  C:2A81H         LINE#         1693
  C:2A8CH         LINE#         1694
  C:2A8CH         LINE#         1695
  C:2A8CH         LINE#         1696
  C:2A8CH         LINE#         1697
  C:2A8CH         LINE#         1698
  C:2A8CH         LINE#         1699
  C:2A8CH         LINE#         1700
  C:2A99H         LINE#         1702
  C:2AAFH         LINE#         1703
  C:2AAFH         LINE#         1704
  C:2AB5H         LINE#         1705
  C:2AB5H         LINE#         1706
  C:2AC3H         LINE#         1707
  C:2ACFH         LINE#         1709
  C:2AE9H         LINE#         1710
  C:2AE9H         LINE#         1711
  C:2AFDH         LINE#         1712
  C:2B15H         LINE#         1713
  C:2B29H         LINE#         1714
  C:2B29H         LINE#         1716
  C:2B29H         LINE#         1717
  C:2B2BH         LINE#         1719
  C:2B2BH         LINE#         1720
  C:2B3CH         LINE#         1721
BL51 BANKED LINKER/LOCATER V6.22.2.0                                                  08/24/2022  00:26:28  PAGE 79


  C:2B3CH         LINE#         1722
  C:2B4AH         LINE#         1724
  C:2B64H         LINE#         1725
  C:2B64H         LINE#         1726
  C:2B78H         LINE#         1727
  C:2B90H         LINE#         1728
  C:2BA3H         LINE#         1729
  C:2BA3H         LINE#         1730
  C:2BA9H         LINE#         1731
  C:2BA9H         LINE#         1732
  C:2BA9H         LINE#         1733
  C:2BA9H         LINE#         1734
  C:2BA9H         LINE#         1735
  C:2BA9H         LINE#         1736
  C:2BA9H         LINE#         1737
  -------         ENDPROC       _DOEVENT
  -------         ENDMOD        EVENTS

  -------         MODULE        ?C?COPY
  C:50DBH         PUBLIC        ?C?COPY
  -------         ENDMOD        ?C?COPY

  -------         MODULE        ?C?CLDOPTR
  C:5101H         PUBLIC        ?C?CLDOPTR
  -------         ENDMOD        ?C?CLDOPTR

  -------         MODULE        ?C?CSTOPTR
  C:512EH         PUBLIC        ?C?CSTOPTR
  -------         ENDMOD        ?C?CSTOPTR

  -------         MODULE        ?C?UIDIV
  C:5150H         PUBLIC        ?C?UIDIV
  -------         ENDMOD        ?C?UIDIV

  -------         MODULE        ?C?CCASE
  C:51A5H         PUBLIC        ?C?CCASE
  -------         ENDMOD        ?C?CCASE

Program Size: data=25.0 xdata=4472 code=26006
LINK/LOCATE RUN COMPLETE.  0 WARNING(S),  0 ERROR(S)
